Archive member included to satisfy reference by file (symbol)

/home/ttqq/esp8266/getting_started/station/build/bootloader/main/libmain.a(bootloader_start.o)
                              (call_start_cpu)
/home/ttqq/esp8266/getting_started/station/build/bootloader/bootloader_support/libbootloader_support.a(bootloader_init.o)
                              /home/ttqq/esp8266/getting_started/station/build/bootloader/main/libmain.a(bootloader_start.o) (bootloader_init)
/home/ttqq/esp8266/getting_started/station/build/bootloader/bootloader_support/libbootloader_support.a(bootloader_utility.o)
                              /home/ttqq/esp8266/getting_started/station/build/bootloader/main/libmain.a(bootloader_start.o) (bootloader_utility_load_partition_table)
/home/ttqq/esp8266/getting_started/station/build/bootloader/bootloader_support/libbootloader_support.a(bootloader_flash.o)
                              /home/ttqq/esp8266/getting_started/station/build/bootloader/bootloader_support/libbootloader_support.a(bootloader_utility.o) (bootloader_mmap)
/home/ttqq/esp8266/getting_started/station/build/bootloader/bootloader_support/libbootloader_support.a(bootloader_common.o)
                              /home/ttqq/esp8266/getting_started/station/build/bootloader/bootloader_support/libbootloader_support.a(bootloader_utility.o) (bootloader_common_ota_select_valid)
/home/ttqq/esp8266/getting_started/station/build/bootloader/bootloader_support/libbootloader_support.a(flash_partitions.o)
                              /home/ttqq/esp8266/getting_started/station/build/bootloader/bootloader_support/libbootloader_support.a(bootloader_utility.o) (esp_partition_table_basic_verify)
/home/ttqq/esp8266/getting_started/station/build/bootloader/bootloader_support/libbootloader_support.a(esp_image_format.o)
                              /home/ttqq/esp8266/getting_started/station/build/bootloader/bootloader_support/libbootloader_support.a(bootloader_utility.o) (esp_image_load)
/home/ttqq/esp8266/getting_started/station/build/bootloader/spi_flash/libspi_flash.a(spi_flash.o)
                              /home/ttqq/esp8266/getting_started/station/build/bootloader/bootloader_support/libbootloader_support.a(flash_partitions.o) (g_rom_flashchip)
/home/ttqq/esp8266/getting_started/station/build/bootloader/spi_flash/libspi_flash.a(spi_flash_raw.o)
                              /home/ttqq/esp8266/getting_started/station/build/bootloader/spi_flash/libspi_flash.a(spi_flash.o) (spi_flash_get_id_raw)
/home/ttqq/esp8266/getting_started/station/build/bootloader/log/liblog.a(log.o)
                              /home/ttqq/esp8266/getting_started/station/build/bootloader/bootloader_support/libbootloader_support.a(bootloader_common.o) (esp_log_early_timestamp)
/home/ttqq/esp8266/getting_started/station/build/bootloader/esp8266/libesp8266.a(ets_printf.o)
                              /home/ttqq/esp8266/getting_started/station/build/bootloader/log/liblog.a(log.o) (ets_vprintf)
/home/ttqq/esp8266/getting_started/station/build/bootloader/esp8266/libesp8266.a(crc.o)
                              /home/ttqq/esp8266/getting_started/station/build/bootloader/bootloader_support/libbootloader_support.a(bootloader_common.o) (crc32_le)
/home/ttqq/esp8266/getting_started/station/build/bootloader/esp8266/libesp8266.a(esp_fast_boot.o)
                              /home/ttqq/esp8266/getting_started/station/build/bootloader/bootloader_support/libbootloader_support.a(bootloader_utility.o) (esp_fast_boot_get_info)
/home/ttqq/esp8266/ESP8266_RTOS_SDK/components/esp8266/lib/libcore.a(phy.o)
                              /home/ttqq/esp8266/getting_started/station/build/bootloader/bootloader_support/libbootloader_support.a(bootloader_init.o) (phy_reg_default)
/home/ttqq/esp8266/ESP8266_RTOS_SDK/components/esp8266/lib/libcore.a(uart.o)
                              /home/ttqq/esp8266/getting_started/station/build/bootloader/bootloader_support/libbootloader_support.a(bootloader_init.o) (uart_div_modify)

Allocating common symbols
Common symbol       size              file

esp_image_spi_freq_t
                    0x4               /home/ttqq/esp8266/getting_started/station/build/bootloader/main/libmain.a(bootloader_start.o)

Discarded input sections

 .text          0x0000000000000000        0x0 /home/ttqq/esp8266/getting_started/station/build/bootloader/main/libmain.a(bootloader_start.o)
 .data          0x0000000000000000        0x0 /home/ttqq/esp8266/getting_started/station/build/bootloader/main/libmain.a(bootloader_start.o)
 .bss           0x0000000000000000        0x0 /home/ttqq/esp8266/getting_started/station/build/bootloader/main/libmain.a(bootloader_start.o)
 .xt.lit        0x0000000000000000       0x18 /home/ttqq/esp8266/getting_started/station/build/bootloader/main/libmain.a(bootloader_start.o)
 .xt.prop       0x0000000000000000       0xe4 /home/ttqq/esp8266/getting_started/station/build/bootloader/main/libmain.a(bootloader_start.o)
 COMMON         0x0000000000000000        0x4 /home/ttqq/esp8266/getting_started/station/build/bootloader/main/libmain.a(bootloader_start.o)
 .text          0x0000000000000000        0x0 /home/ttqq/esp8266/getting_started/station/build/bootloader/bootloader_support/libbootloader_support.a(bootloader_init.o)
 .data          0x0000000000000000        0x0 /home/ttqq/esp8266/getting_started/station/build/bootloader/bootloader_support/libbootloader_support.a(bootloader_init.o)
 .bss           0x0000000000000000        0x0 /home/ttqq/esp8266/getting_started/station/build/bootloader/bootloader_support/libbootloader_support.a(bootloader_init.o)
 .xt.lit        0x0000000000000000       0x28 /home/ttqq/esp8266/getting_started/station/build/bootloader/bootloader_support/libbootloader_support.a(bootloader_init.o)
 .xt.prop       0x0000000000000000      0x24c /home/ttqq/esp8266/getting_started/station/build/bootloader/bootloader_support/libbootloader_support.a(bootloader_init.o)
 .literal.bootloader_utility_fast_boot_image
                0x0000000000000000        0x8 /home/ttqq/esp8266/getting_started/station/build/bootloader/bootloader_support/libbootloader_support.a(bootloader_utility.o)
 .text          0x0000000000000000        0x0 /home/ttqq/esp8266/getting_started/station/build/bootloader/bootloader_support/libbootloader_support.a(bootloader_utility.o)
 .data          0x0000000000000000        0x0 /home/ttqq/esp8266/getting_started/station/build/bootloader/bootloader_support/libbootloader_support.a(bootloader_utility.o)
 .bss           0x0000000000000000        0x0 /home/ttqq/esp8266/getting_started/station/build/bootloader/bootloader_support/libbootloader_support.a(bootloader_utility.o)
 .text.bootloader_utility_fast_boot_image
                0x0000000000000000       0x27 /home/ttqq/esp8266/getting_started/station/build/bootloader/bootloader_support/libbootloader_support.a(bootloader_utility.o)
 .xt.lit        0x0000000000000000       0x40 /home/ttqq/esp8266/getting_started/station/build/bootloader/bootloader_support/libbootloader_support.a(bootloader_utility.o)
 .xt.prop       0x0000000000000000      0x510 /home/ttqq/esp8266/getting_started/station/build/bootloader/bootloader_support/libbootloader_support.a(bootloader_utility.o)
 .literal.bootloader_flash_write
                0x0000000000000000       0x28 /home/ttqq/esp8266/getting_started/station/build/bootloader/bootloader_support/libbootloader_support.a(bootloader_flash.o)
 .literal.bootloader_flash_erase_sector
                0x0000000000000000        0x4 /home/ttqq/esp8266/getting_started/station/build/bootloader/bootloader_support/libbootloader_support.a(bootloader_flash.o)
 .text          0x0000000000000000        0x0 /home/ttqq/esp8266/getting_started/station/build/bootloader/bootloader_support/libbootloader_support.a(bootloader_flash.o)
 .data          0x0000000000000000        0x0 /home/ttqq/esp8266/getting_started/station/build/bootloader/bootloader_support/libbootloader_support.a(bootloader_flash.o)
 .bss           0x0000000000000000        0x0 /home/ttqq/esp8266/getting_started/station/build/bootloader/bootloader_support/libbootloader_support.a(bootloader_flash.o)
 .rodata.bootloader_flash_write.str1.4
                0x0000000000000000       0xa7 /home/ttqq/esp8266/getting_started/station/build/bootloader/bootloader_support/libbootloader_support.a(bootloader_flash.o)
 .text.bootloader_flash_write
                0x0000000000000000       0x9d /home/ttqq/esp8266/getting_started/station/build/bootloader/bootloader_support/libbootloader_support.a(bootloader_flash.o)
 .text.bootloader_flash_erase_sector
                0x0000000000000000       0x15 /home/ttqq/esp8266/getting_started/station/build/bootloader/bootloader_support/libbootloader_support.a(bootloader_flash.o)
 .xt.lit        0x0000000000000000       0x30 /home/ttqq/esp8266/getting_started/station/build/bootloader/bootloader_support/libbootloader_support.a(bootloader_flash.o)
 .xt.prop       0x0000000000000000      0x258 /home/ttqq/esp8266/getting_started/station/build/bootloader/bootloader_support/libbootloader_support.a(bootloader_flash.o)
 .literal.bootloader_common_check_long_hold_gpio
                0x0000000000000000       0x58 /home/ttqq/esp8266/getting_started/station/build/bootloader/bootloader_support/libbootloader_support.a(bootloader_common.o)
 .text          0x0000000000000000        0x0 /home/ttqq/esp8266/getting_started/station/build/bootloader/bootloader_support/libbootloader_support.a(bootloader_common.o)
 .data          0x0000000000000000        0x0 /home/ttqq/esp8266/getting_started/station/build/bootloader/bootloader_support/libbootloader_support.a(bootloader_common.o)
 .bss           0x0000000000000000        0x0 /home/ttqq/esp8266/getting_started/station/build/bootloader/bootloader_support/libbootloader_support.a(bootloader_common.o)
 .text.bootloader_common_check_long_hold_gpio
                0x0000000000000000      0x230 /home/ttqq/esp8266/getting_started/station/build/bootloader/bootloader_support/libbootloader_support.a(bootloader_common.o)
 .xt.lit        0x0000000000000000       0x18 /home/ttqq/esp8266/getting_started/station/build/bootloader/bootloader_support/libbootloader_support.a(bootloader_common.o)
 .xt.prop       0x0000000000000000      0x420 /home/ttqq/esp8266/getting_started/station/build/bootloader/bootloader_support/libbootloader_support.a(bootloader_common.o)
 .text          0x0000000000000000        0x0 /home/ttqq/esp8266/getting_started/station/build/bootloader/bootloader_support/libbootloader_support.a(flash_partitions.o)
 .data          0x0000000000000000        0x0 /home/ttqq/esp8266/getting_started/station/build/bootloader/bootloader_support/libbootloader_support.a(flash_partitions.o)
 .bss           0x0000000000000000        0x0 /home/ttqq/esp8266/getting_started/station/build/bootloader/bootloader_support/libbootloader_support.a(flash_partitions.o)
 .xt.lit        0x0000000000000000        0x8 /home/ttqq/esp8266/getting_started/station/build/bootloader/bootloader_support/libbootloader_support.a(flash_partitions.o)
 .xt.prop       0x0000000000000000       0xcc /home/ttqq/esp8266/getting_started/station/build/bootloader/bootloader_support/libbootloader_support.a(flash_partitions.o)
 .literal.esp_image_verify_bootloader
                0x0000000000000000        0x8 /home/ttqq/esp8266/getting_started/station/build/bootloader/bootloader_support/libbootloader_support.a(esp_image_format.o)
 .text          0x0000000000000000        0x0 /home/ttqq/esp8266/getting_started/station/build/bootloader/bootloader_support/libbootloader_support.a(esp_image_format.o)
 .data          0x0000000000000000        0x0 /home/ttqq/esp8266/getting_started/station/build/bootloader/bootloader_support/libbootloader_support.a(esp_image_format.o)
 .bss           0x0000000000000000        0x0 /home/ttqq/esp8266/getting_started/station/build/bootloader/bootloader_support/libbootloader_support.a(esp_image_format.o)
 .text.esp_image_verify_bootloader
                0x0000000000000000       0x41 /home/ttqq/esp8266/getting_started/station/build/bootloader/bootloader_support/libbootloader_support.a(esp_image_format.o)
 .xt.lit        0x0000000000000000       0x40 /home/ttqq/esp8266/getting_started/station/build/bootloader/bootloader_support/libbootloader_support.a(esp_image_format.o)
 .xt.prop       0x0000000000000000      0x3e4 /home/ttqq/esp8266/getting_started/station/build/bootloader/bootloader_support/libbootloader_support.a(esp_image_format.o)
 .literal.spi_flash_program
                0x0000000000000000       0x20 /home/ttqq/esp8266/getting_started/station/build/bootloader/spi_flash/libspi_flash.a(spi_flash.o)
 .literal.__spi_flash_write
                0x0000000000000000        0x8 /home/ttqq/esp8266/getting_started/station/build/bootloader/spi_flash/libspi_flash.a(spi_flash.o)
 .literal.__spi_flash_read
                0x0000000000000000       0x10 /home/ttqq/esp8266/getting_started/station/build/bootloader/spi_flash/libspi_flash.a(spi_flash.o)
 .literal.spi_flash_write_status
                0x0000000000000000        0xc /home/ttqq/esp8266/getting_started/station/build/bootloader/spi_flash/libspi_flash.a(spi_flash.o)
 .literal.spi_flash_check_wr_protect
                0x0000000000000000       0x4c /home/ttqq/esp8266/getting_started/station/build/bootloader/spi_flash/libspi_flash.a(spi_flash.o)
 .literal.spi_flash_erase_sector
                0x0000000000000000       0x18 /home/ttqq/esp8266/getting_started/station/build/bootloader/spi_flash/libspi_flash.a(spi_flash.o)
 .literal.spi_flash_read
                0x0000000000000000       0x24 /home/ttqq/esp8266/getting_started/station/build/bootloader/spi_flash/libspi_flash.a(spi_flash.o)
 .literal.spi_flash_write
                0x0000000000000000       0x3c /home/ttqq/esp8266/getting_started/station/build/bootloader/spi_flash/libspi_flash.a(spi_flash.o)
 .literal.spi_flash_erase_range
                0x0000000000000000       0x10 /home/ttqq/esp8266/getting_started/station/build/bootloader/spi_flash/libspi_flash.a(spi_flash.o)
 .literal.spi_flash_cache2phys
                0x0000000000000000       0x18 /home/ttqq/esp8266/getting_started/station/build/bootloader/spi_flash/libspi_flash.a(spi_flash.o)
 .literal.spi_flash_get_chip_size
                0x0000000000000000        0x4 /home/ttqq/esp8266/getting_started/station/build/bootloader/spi_flash/libspi_flash.a(spi_flash.o)
 .text          0x0000000000000000        0x0 /home/ttqq/esp8266/getting_started/station/build/bootloader/spi_flash/libspi_flash.a(spi_flash.o)
 .data          0x0000000000000000        0x0 /home/ttqq/esp8266/getting_started/station/build/bootloader/spi_flash/libspi_flash.a(spi_flash.o)
 .bss           0x0000000000000000        0x0 /home/ttqq/esp8266/getting_started/station/build/bootloader/spi_flash/libspi_flash.a(spi_flash.o)
 .text.spi_flash_program
                0x0000000000000000       0xd8 /home/ttqq/esp8266/getting_started/station/build/bootloader/spi_flash/libspi_flash.a(spi_flash.o)
 .text.__spi_flash_write
                0x0000000000000000       0x23 /home/ttqq/esp8266/getting_started/station/build/bootloader/spi_flash/libspi_flash.a(spi_flash.o)
 .text.__spi_flash_read
                0x0000000000000000       0x31 /home/ttqq/esp8266/getting_started/station/build/bootloader/spi_flash/libspi_flash.a(spi_flash.o)
 .text.spi_flash_write_status
                0x0000000000000000       0x2a /home/ttqq/esp8266/getting_started/station/build/bootloader/spi_flash/libspi_flash.a(spi_flash.o)
 .text.spi_flash_check_wr_protect
                0x0000000000000000      0x165 /home/ttqq/esp8266/getting_started/station/build/bootloader/spi_flash/libspi_flash.a(spi_flash.o)
 .text.spi_flash_erase_sector
                0x0000000000000000       0x56 /home/ttqq/esp8266/getting_started/station/build/bootloader/spi_flash/libspi_flash.a(spi_flash.o)
 .text.spi_flash_read
                0x0000000000000000      0x109 /home/ttqq/esp8266/getting_started/station/build/bootloader/spi_flash/libspi_flash.a(spi_flash.o)
 .text.spi_flash_write
                0x0000000000000000      0x176 /home/ttqq/esp8266/getting_started/station/build/bootloader/spi_flash/libspi_flash.a(spi_flash.o)
 .text.spi_flash_erase_range
                0x0000000000000000       0x67 /home/ttqq/esp8266/getting_started/station/build/bootloader/spi_flash/libspi_flash.a(spi_flash.o)
 .text.spi_flash_cache2phys
                0x0000000000000000       0x4e /home/ttqq/esp8266/getting_started/station/build/bootloader/spi_flash/libspi_flash.a(spi_flash.o)
 .text.spi_flash_get_chip_size
                0x0000000000000000        0x7 /home/ttqq/esp8266/getting_started/station/build/bootloader/spi_flash/libspi_flash.a(spi_flash.o)
 .xt.lit        0x0000000000000000       0xd0 /home/ttqq/esp8266/getting_started/station/build/bootloader/spi_flash/libspi_flash.a(spi_flash.o)
 .xt.prop       0x0000000000000000      0xb04 /home/ttqq/esp8266/getting_started/station/build/bootloader/spi_flash/libspi_flash.a(spi_flash.o)
 .literal.spi_flash_write_status_raw
                0x0000000000000000       0x1c /home/ttqq/esp8266/getting_started/station/build/bootloader/spi_flash/libspi_flash.a(spi_flash_raw.o)
 .literal.spi_flash_erase_sector_raw
                0x0000000000000000       0x14 /home/ttqq/esp8266/getting_started/station/build/bootloader/spi_flash/libspi_flash.a(spi_flash_raw.o)
 .literal.spi_flash_write_raw
                0x0000000000000000        0xc /home/ttqq/esp8266/getting_started/station/build/bootloader/spi_flash/libspi_flash.a(spi_flash_raw.o)
 .literal.spi_flash_read_raw
                0x0000000000000000        0xc /home/ttqq/esp8266/getting_started/station/build/bootloader/spi_flash/libspi_flash.a(spi_flash_raw.o)
 .text          0x0000000000000000        0x0 /home/ttqq/esp8266/getting_started/station/build/bootloader/spi_flash/libspi_flash.a(spi_flash_raw.o)
 .data          0x0000000000000000        0x0 /home/ttqq/esp8266/getting_started/station/build/bootloader/spi_flash/libspi_flash.a(spi_flash_raw.o)
 .bss           0x0000000000000000        0x0 /home/ttqq/esp8266/getting_started/station/build/bootloader/spi_flash/libspi_flash.a(spi_flash_raw.o)
 .text.spi_flash_write_status_raw
                0x0000000000000000       0x5c /home/ttqq/esp8266/getting_started/station/build/bootloader/spi_flash/libspi_flash.a(spi_flash_raw.o)
 .text.spi_flash_erase_sector_raw
                0x0000000000000000       0x50 /home/ttqq/esp8266/getting_started/station/build/bootloader/spi_flash/libspi_flash.a(spi_flash_raw.o)
 .text.spi_flash_write_raw
                0x0000000000000000       0x43 /home/ttqq/esp8266/getting_started/station/build/bootloader/spi_flash/libspi_flash.a(spi_flash_raw.o)
 .text.spi_flash_read_raw
                0x0000000000000000       0x43 /home/ttqq/esp8266/getting_started/station/build/bootloader/spi_flash/libspi_flash.a(spi_flash_raw.o)
 .xt.lit        0x0000000000000000       0x58 /home/ttqq/esp8266/getting_started/station/build/bootloader/spi_flash/libspi_flash.a(spi_flash_raw.o)
 .xt.prop       0x0000000000000000      0x348 /home/ttqq/esp8266/getting_started/station/build/bootloader/spi_flash/libspi_flash.a(spi_flash_raw.o)
 .text          0x0000000000000000        0x0 /home/ttqq/esp8266/getting_started/station/build/bootloader/log/liblog.a(log.o)
 .data          0x0000000000000000        0x0 /home/ttqq/esp8266/getting_started/station/build/bootloader/log/liblog.a(log.o)
 .bss           0x0000000000000000        0x0 /home/ttqq/esp8266/getting_started/station/build/bootloader/log/liblog.a(log.o)
 .xt.lit        0x0000000000000000       0x10 /home/ttqq/esp8266/getting_started/station/build/bootloader/log/liblog.a(log.o)
 .xt.prop       0x0000000000000000       0xcc /home/ttqq/esp8266/getting_started/station/build/bootloader/log/liblog.a(log.o)
 .text          0x0000000000000000        0x0 /home/ttqq/esp8266/getting_started/station/build/bootloader/esp8266/libesp8266.a(ets_printf.o)
 .data          0x0000000000000000        0x0 /home/ttqq/esp8266/getting_started/station/build/bootloader/esp8266/libesp8266.a(ets_printf.o)
 .bss           0x0000000000000000        0x0 /home/ttqq/esp8266/getting_started/station/build/bootloader/esp8266/libesp8266.a(ets_printf.o)
 .xt.lit        0x0000000000000000       0x20 /home/ttqq/esp8266/getting_started/station/build/bootloader/esp8266/libesp8266.a(ets_printf.o)
 .xt.prop       0x0000000000000000       0xe4 /home/ttqq/esp8266/getting_started/station/build/bootloader/esp8266/libesp8266.a(ets_printf.o)
 .literal.crc16_le
                0x0000000000000000        0x4 /home/ttqq/esp8266/getting_started/station/build/bootloader/esp8266/libesp8266.a(crc.o)
 .literal.esp_crc8
                0x0000000000000000        0x4 /home/ttqq/esp8266/getting_started/station/build/bootloader/esp8266/libesp8266.a(crc.o)
 .text          0x0000000000000000        0x0 /home/ttqq/esp8266/getting_started/station/build/bootloader/esp8266/libesp8266.a(crc.o)
 .data          0x0000000000000000        0x0 /home/ttqq/esp8266/getting_started/station/build/bootloader/esp8266/libesp8266.a(crc.o)
 .bss           0x0000000000000000        0x0 /home/ttqq/esp8266/getting_started/station/build/bootloader/esp8266/libesp8266.a(crc.o)
 .text.crc16_le
                0x0000000000000000       0x3b /home/ttqq/esp8266/getting_started/station/build/bootloader/esp8266/libesp8266.a(crc.o)
 .text.esp_crc8
                0x0000000000000000       0x21 /home/ttqq/esp8266/getting_started/station/build/bootloader/esp8266/libesp8266.a(crc.o)
 .rodata.crc8_le_table
                0x0000000000000000      0x100 /home/ttqq/esp8266/getting_started/station/build/bootloader/esp8266/libesp8266.a(crc.o)
 .rodata.crc16_le_table
                0x0000000000000000      0x200 /home/ttqq/esp8266/getting_started/station/build/bootloader/esp8266/libesp8266.a(crc.o)
 .xt.lit        0x0000000000000000       0x18 /home/ttqq/esp8266/getting_started/station/build/bootloader/esp8266/libesp8266.a(crc.o)
 .xt.prop       0x0000000000000000       0xfc /home/ttqq/esp8266/getting_started/station/build/bootloader/esp8266/libesp8266.a(crc.o)
 .literal.esp_fast_boot_disable
                0x0000000000000000        0x4 /home/ttqq/esp8266/getting_started/station/build/bootloader/esp8266/libesp8266.a(esp_fast_boot.o)
 .literal.esp_fast_boot_get_info
                0x0000000000000000       0x2c /home/ttqq/esp8266/getting_started/station/build/bootloader/esp8266/libesp8266.a(esp_fast_boot.o)
 .literal.esp_fast_boot_print_info
                0x0000000000000000       0x2c /home/ttqq/esp8266/getting_started/station/build/bootloader/esp8266/libesp8266.a(esp_fast_boot.o)
 .text          0x0000000000000000        0x0 /home/ttqq/esp8266/getting_started/station/build/bootloader/esp8266/libesp8266.a(esp_fast_boot.o)
 .data          0x0000000000000000        0x0 /home/ttqq/esp8266/getting_started/station/build/bootloader/esp8266/libesp8266.a(esp_fast_boot.o)
 .bss           0x0000000000000000        0x0 /home/ttqq/esp8266/getting_started/station/build/bootloader/esp8266/libesp8266.a(esp_fast_boot.o)
 .text.esp_fast_boot_disable
                0x0000000000000000       0x11 /home/ttqq/esp8266/getting_started/station/build/bootloader/esp8266/libesp8266.a(esp_fast_boot.o)
 .rodata.esp_fast_boot_get_info.str1.4
                0x0000000000000000       0x24 /home/ttqq/esp8266/getting_started/station/build/bootloader/esp8266/libesp8266.a(esp_fast_boot.o)
 .text.esp_fast_boot_get_info
                0x0000000000000000       0x86 /home/ttqq/esp8266/getting_started/station/build/bootloader/esp8266/libesp8266.a(esp_fast_boot.o)
 .rodata.esp_fast_boot_print_info.str1.4
                0x0000000000000000       0x59 /home/ttqq/esp8266/getting_started/station/build/bootloader/esp8266/libesp8266.a(esp_fast_boot.o)
 .text.esp_fast_boot_print_info
                0x0000000000000000       0x4d /home/ttqq/esp8266/getting_started/station/build/bootloader/esp8266/libesp8266.a(esp_fast_boot.o)
 .debug_frame   0x0000000000000000       0x68 /home/ttqq/esp8266/getting_started/station/build/bootloader/esp8266/libesp8266.a(esp_fast_boot.o)
 .debug_info    0x0000000000000000      0xbcf /home/ttqq/esp8266/getting_started/station/build/bootloader/esp8266/libesp8266.a(esp_fast_boot.o)
 .debug_abbrev  0x0000000000000000      0x251 /home/ttqq/esp8266/getting_started/station/build/bootloader/esp8266/libesp8266.a(esp_fast_boot.o)
 .debug_loc     0x0000000000000000       0xb0 /home/ttqq/esp8266/getting_started/station/build/bootloader/esp8266/libesp8266.a(esp_fast_boot.o)
 .debug_aranges
                0x0000000000000000       0x30 /home/ttqq/esp8266/getting_started/station/build/bootloader/esp8266/libesp8266.a(esp_fast_boot.o)
 .debug_ranges  0x0000000000000000       0x20 /home/ttqq/esp8266/getting_started/station/build/bootloader/esp8266/libesp8266.a(esp_fast_boot.o)
 .debug_line    0x0000000000000000      0x4c4 /home/ttqq/esp8266/getting_started/station/build/bootloader/esp8266/libesp8266.a(esp_fast_boot.o)
 .debug_str     0x0000000000000000      0x716 /home/ttqq/esp8266/getting_started/station/build/bootloader/esp8266/libesp8266.a(esp_fast_boot.o)
 .comment       0x0000000000000000       0x32 /home/ttqq/esp8266/getting_started/station/build/bootloader/esp8266/libesp8266.a(esp_fast_boot.o)
 .xt.lit        0x0000000000000000       0x18 /home/ttqq/esp8266/getting_started/station/build/bootloader/esp8266/libesp8266.a(esp_fast_boot.o)
 .xt.prop       0x0000000000000000       0xc0 /home/ttqq/esp8266/getting_started/station/build/bootloader/esp8266/libesp8266.a(esp_fast_boot.o)
 .literal.phy_reg_default
                0x0000000000000000        0x0 /home/ttqq/esp8266/ESP8266_RTOS_SDK/components/esp8266/lib/libcore.a(phy.o)
 .text          0x0000000000000000        0x0 /home/ttqq/esp8266/ESP8266_RTOS_SDK/components/esp8266/lib/libcore.a(phy.o)
 .data          0x0000000000000000        0x0 /home/ttqq/esp8266/ESP8266_RTOS_SDK/components/esp8266/lib/libcore.a(phy.o)
 .bss           0x0000000000000000        0x0 /home/ttqq/esp8266/ESP8266_RTOS_SDK/components/esp8266/lib/libcore.a(phy.o)
 .xt.lit        0x0000000000000000        0x8 /home/ttqq/esp8266/ESP8266_RTOS_SDK/components/esp8266/lib/libcore.a(phy.o)
 .xt.prop       0x0000000000000000       0x48 /home/ttqq/esp8266/ESP8266_RTOS_SDK/components/esp8266/lib/libcore.a(phy.o)
 .literal.uart_buff_switch
                0x0000000000000000        0x0 /home/ttqq/esp8266/ESP8266_RTOS_SDK/components/esp8266/lib/libcore.a(uart.o)
 .literal.uart_div_modify
                0x0000000000000000        0x0 /home/ttqq/esp8266/ESP8266_RTOS_SDK/components/esp8266/lib/libcore.a(uart.o)
 .literal.Uart_Init
                0x0000000000000000        0x0 /home/ttqq/esp8266/ESP8266_RTOS_SDK/components/esp8266/lib/libcore.a(uart.o)
 .text          0x0000000000000000        0x0 /home/ttqq/esp8266/ESP8266_RTOS_SDK/components/esp8266/lib/libcore.a(uart.o)
 .data          0x0000000000000000        0x0 /home/ttqq/esp8266/ESP8266_RTOS_SDK/components/esp8266/lib/libcore.a(uart.o)
 .bss           0x0000000000000000        0x0 /home/ttqq/esp8266/ESP8266_RTOS_SDK/components/esp8266/lib/libcore.a(uart.o)
 .text.uart_buff_switch
                0x0000000000000000        0x2 /home/ttqq/esp8266/ESP8266_RTOS_SDK/components/esp8266/lib/libcore.a(uart.o)
 .text.Uart_Init
                0x0000000000000000        0x2 /home/ttqq/esp8266/ESP8266_RTOS_SDK/components/esp8266/lib/libcore.a(uart.o)
 .xt.lit        0x0000000000000000        0x8 /home/ttqq/esp8266/ESP8266_RTOS_SDK/components/esp8266/lib/libcore.a(uart.o)
 .xt.prop       0x0000000000000000       0x78 /home/ttqq/esp8266/ESP8266_RTOS_SDK/components/esp8266/lib/libcore.a(uart.o)

Memory Configuration

Name             Origin             Length             Attributes
dport0_seg       0x000000003ff00000 0x0000000000000010
dram_seg         0x000000003ffe8000 0x0000000000017c00
iram_seg         0x0000000040100000 0x0000000000008000
*default*        0x0000000000000000 0xffffffffffffffff

Linker script and memory map

START GROUP
LOAD /home/ttqq/esp8266/getting_started/station/build/bootloader/main/libmain.a
LOAD /home/ttqq/esp8266/ESP8266_RTOS_SDK/components/esp8266/lib/libcore.a
LOAD /home/ttqq/esp8266/getting_started/station/build/bootloader/bootloader_support/libbootloader_support.a
LOAD /home/ttqq/esp8266/getting_started/station/build/bootloader/spi_flash/libspi_flash.a
LOAD /home/ttqq/esp8266/getting_started/station/build/bootloader/log/liblog.a
LOAD /home/ttqq/esp8266/getting_started/station/build/bootloader/esp8266/libesp8266.a
LOAD /home/ttqq/esp8266/ESP8266_RTOS_SDK/components/esp8266/lib/libgcc.a
LOAD /home/ttqq/esp8266/xtensa-lx106-elf/bin/../lib/gcc/xtensa-lx106-elf/8.4.0/../../../../xtensa-lx106-elf/lib/libstdc++.a
LOAD /home/ttqq/esp8266/xtensa-lx106-elf/bin/../lib/gcc/xtensa-lx106-elf/8.4.0/libgcov.a
END GROUP

.text           0x0000000040100000     0x1be9
                0x0000000040100000                _stext = .
                0x0000000040100000                _text_start = ABSOLUTE (.)
                0x0000000040100000                . = ALIGN (0x10)
 *(.entry.text)
 *(.init.literal)
 *(.init)
 *(.literal .text .literal.* .text.* .stub .gnu.warning .gnu.linkonce.literal.* .gnu.linkonce.t.*.literal .gnu.linkonce.t.*)
 .literal.selected_boot_partition
                0x0000000040100000        0x0 /home/ttqq/esp8266/getting_started/station/build/bootloader/main/libmain.a(bootloader_start.o)
                                          0x4 (size before relaxing)
 .literal.select_image
                0x0000000040100000        0xc /home/ttqq/esp8266/getting_started/station/build/bootloader/main/libmain.a(bootloader_start.o)
                                         0x1c (size before relaxing)
 .literal.call_start_cpu
                0x000000004010000c        0x0 /home/ttqq/esp8266/getting_started/station/build/bootloader/main/libmain.a(bootloader_start.o)
                                          0xc (size before relaxing)
 .literal.print_flash_info
                0x000000004010000c       0x48 /home/ttqq/esp8266/getting_started/station/build/bootloader/bootloader_support/libbootloader_support.a(bootloader_init.o)
                                         0x54 (size before relaxing)
 .literal.uart_console_configure
                0x0000000040100054        0x4 /home/ttqq/esp8266/getting_started/station/build/bootloader/bootloader_support/libbootloader_support.a(bootloader_init.o)
                                          0x8 (size before relaxing)
 .literal.update_flash_config
                0x0000000040100058        0x4 /home/ttqq/esp8266/getting_started/station/build/bootloader/bootloader_support/libbootloader_support.a(bootloader_init.o)
                                          0x8 (size before relaxing)
 .literal.bootloader_main
                0x000000004010005c       0x10 /home/ttqq/esp8266/getting_started/station/build/bootloader/bootloader_support/libbootloader_support.a(bootloader_init.o)
                                         0x34 (size before relaxing)
 .literal.bootloader_init
                0x000000004010006c        0x8 /home/ttqq/esp8266/getting_started/station/build/bootloader/bootloader_support/libbootloader_support.a(bootloader_init.o)
                                         0x10 (size before relaxing)
 .literal.bootloader_utility_start_image
                0x0000000040100074        0x0 /home/ttqq/esp8266/getting_started/station/build/bootloader/bootloader_support/libbootloader_support.a(bootloader_utility.o)
                                          0x4 (size before relaxing)
 .literal.log_invalid_app_partition
                0x0000000040100074       0x14 /home/ttqq/esp8266/getting_started/station/build/bootloader/bootloader_support/libbootloader_support.a(bootloader_utility.o)
                                         0x20 (size before relaxing)
 .literal.try_load_partition
                0x0000000040100088        0x4 /home/ttqq/esp8266/getting_started/station/build/bootloader/bootloader_support/libbootloader_support.a(bootloader_utility.o)
                                         0x10 (size before relaxing)
 .literal.bootloader_utility_load_partition_table
                0x000000004010008c       0x4c /home/ttqq/esp8266/getting_started/station/build/bootloader/bootloader_support/libbootloader_support.a(bootloader_utility.o)
                                         0x74 (size before relaxing)
 .literal.bootloader_utility_get_selected_boot_partition
                0x00000000401000d8       0x1c /home/ttqq/esp8266/getting_started/station/build/bootloader/bootloader_support/libbootloader_support.a(bootloader_utility.o)
                                         0x5c (size before relaxing)
 .literal.bootloader_utility_load_boot_image
                0x00000000401000f4        0xc /home/ttqq/esp8266/getting_started/station/build/bootloader/bootloader_support/libbootloader_support.a(bootloader_utility.o)
                                         0x40 (size before relaxing)
 .literal.bootloader_utility_load_image
                0x0000000040100100        0x0 /home/ttqq/esp8266/getting_started/station/build/bootloader/bootloader_support/libbootloader_support.a(bootloader_utility.o)
                                          0x4 (size before relaxing)
 .literal.bootloader_flash_read_no_decrypt
                0x0000000040100100        0x4 /home/ttqq/esp8266/getting_started/station/build/bootloader/bootloader_support/libbootloader_support.a(bootloader_flash.o)
 .literal.bootloader_mmap
                0x0000000040100104       0x30 /home/ttqq/esp8266/getting_started/station/build/bootloader/bootloader_support/libbootloader_support.a(bootloader_flash.o)
                                         0x3c (size before relaxing)
 .literal.bootloader_munmap
                0x0000000040100134        0x0 /home/ttqq/esp8266/getting_started/station/build/bootloader/bootloader_support/libbootloader_support.a(bootloader_flash.o)
                                          0x8 (size before relaxing)
 .literal.bootloader_flash_read
                0x0000000040100134        0xc /home/ttqq/esp8266/getting_started/station/build/bootloader/bootloader_support/libbootloader_support.a(bootloader_flash.o)
                                         0x20 (size before relaxing)
 .literal.bootloader_common_ota_select_crc
                0x0000000040100140        0x0 /home/ttqq/esp8266/getting_started/station/build/bootloader/bootloader_support/libbootloader_support.a(bootloader_common.o)
                                          0x4 (size before relaxing)
 .literal.bootloader_common_ota_select_valid
                0x0000000040100140        0x0 /home/ttqq/esp8266/getting_started/station/build/bootloader/bootloader_support/libbootloader_support.a(bootloader_common.o)
                                          0x4 (size before relaxing)
 .literal.esp_partition_table_basic_verify
                0x0000000040100140       0x1c /home/ttqq/esp8266/getting_started/station/build/bootloader/bootloader_support/libbootloader_support.a(flash_partitions.o)
                                         0x2c (size before relaxing)
 .literal.should_map
                0x000000004010015c        0x8 /home/ttqq/esp8266/getting_started/station/build/bootloader/bootloader_support/libbootloader_support.a(esp_image_format.o)
 .literal.should_load
                0x0000000040100164        0x0 /home/ttqq/esp8266/getting_started/station/build/bootloader/bootloader_support/libbootloader_support.a(esp_image_format.o)
                                          0x4 (size before relaxing)
 .literal.verify_image_header
                0x0000000040100164       0x14 /home/ttqq/esp8266/getting_started/station/build/bootloader/bootloader_support/libbootloader_support.a(esp_image_format.o)
                                         0x20 (size before relaxing)
 .literal.process_segment_data
                0x0000000040100178        0x8 /home/ttqq/esp8266/getting_started/station/build/bootloader/bootloader_support/libbootloader_support.a(esp_image_format.o)
                                         0x14 (size before relaxing)
 .literal.verify_checksum
                0x0000000040100180        0x8 /home/ttqq/esp8266/getting_started/station/build/bootloader/bootloader_support/libbootloader_support.a(esp_image_format.o)
                                         0x1c (size before relaxing)
 .literal.process_segment
                0x0000000040100188       0x18 /home/ttqq/esp8266/getting_started/station/build/bootloader/bootloader_support/libbootloader_support.a(esp_image_format.o)
                                         0x40 (size before relaxing)
 .literal.esp_image_load
                0x00000000401001a0       0x14 /home/ttqq/esp8266/getting_started/station/build/bootloader/bootloader_support/libbootloader_support.a(esp_image_format.o)
                                         0x44 (size before relaxing)
 .literal.spi_user_cmd
                0x00000000401001b4        0x4 /home/ttqq/esp8266/getting_started/station/build/bootloader/spi_flash/libspi_flash.a(spi_flash.o)
                                          0xc (size before relaxing)
 .literal.special_flash_read_status
                0x00000000401001b8        0x0 /home/ttqq/esp8266/getting_started/station/build/bootloader/spi_flash/libspi_flash.a(spi_flash.o)
                                          0x4 (size before relaxing)
 .literal.flash_gd25q32c_read_status
                0x00000000401001b8        0x0 /home/ttqq/esp8266/getting_started/station/build/bootloader/spi_flash/libspi_flash.a(spi_flash.o)
                                          0x4 (size before relaxing)
 .literal.special_flash_write_status
                0x00000000401001b8        0x0 /home/ttqq/esp8266/getting_started/station/build/bootloader/spi_flash/libspi_flash.a(spi_flash.o)
                                          0x8 (size before relaxing)
 .literal.spi_flash_enable_qio_bit6
                0x00000000401001b8        0x0 /home/ttqq/esp8266/getting_started/station/build/bootloader/spi_flash/libspi_flash.a(spi_flash.o)
                                          0x4 (size before relaxing)
 .literal.flash_gd25q32c_write_status
                0x00000000401001b8        0x0 /home/ttqq/esp8266/getting_started/station/build/bootloader/spi_flash/libspi_flash.a(spi_flash.o)
                                          0x4 (size before relaxing)
 .literal.flash_gd25q32c_enable_QIO_mode
                0x00000000401001b8        0x0 /home/ttqq/esp8266/getting_started/station/build/bootloader/spi_flash/libspi_flash.a(spi_flash.o)
                                          0xc (size before relaxing)
 .literal.en25q16x_read_sfdp
                0x00000000401001b8        0x4 /home/ttqq/esp8266/getting_started/station/build/bootloader/spi_flash/libspi_flash.a(spi_flash.o)
                                          0x8 (size before relaxing)
 .literal.spi_flash_get_id
                0x00000000401001bc        0x0 /home/ttqq/esp8266/getting_started/station/build/bootloader/spi_flash/libspi_flash.a(spi_flash.o)
                                          0xc (size before relaxing)
 .literal.spi_flash_read_status
                0x00000000401001bc        0x0 /home/ttqq/esp8266/getting_started/station/build/bootloader/spi_flash/libspi_flash.a(spi_flash.o)
                                          0xc (size before relaxing)
 .literal.spi_flash_issi_enable_QIO_mode
                0x00000000401001bc        0x0 /home/ttqq/esp8266/getting_started/station/build/bootloader/spi_flash/libspi_flash.a(spi_flash.o)
                                          0xc (size before relaxing)
 .literal.special_flash_set_mode
                0x00000000401001bc        0x0 /home/ttqq/esp8266/getting_started/station/build/bootloader/spi_flash/libspi_flash.a(spi_flash.o)
                                          0x8 (size before relaxing)
 .literal.en25q16x_write_volatile_status
                0x00000000401001bc        0x0 /home/ttqq/esp8266/getting_started/station/build/bootloader/spi_flash/libspi_flash.a(spi_flash.o)
                                         0x14 (size before relaxing)
 .literal.user_spi_flash_dio_to_qio_pre_init
                0x00000000401001bc        0xc /home/ttqq/esp8266/getting_started/station/build/bootloader/spi_flash/libspi_flash.a(spi_flash.o)
                                         0x30 (size before relaxing)
 .literal.esp_spi_flash_init
                0x00000000401001c8       0x20 /home/ttqq/esp8266/getting_started/station/build/bootloader/spi_flash/libspi_flash.a(spi_flash.o)
                                         0x28 (size before relaxing)
 .literal.Cache_Read_Disable_2
                0x00000000401001e8        0xc /home/ttqq/esp8266/getting_started/station/build/bootloader/spi_flash/libspi_flash.a(spi_flash_raw.o)
                                         0x10 (size before relaxing)
 .literal.Cache_Read_Enable_2
                0x00000000401001f4        0x4 /home/ttqq/esp8266/getting_started/station/build/bootloader/spi_flash/libspi_flash.a(spi_flash_raw.o)
                                          0xc (size before relaxing)
 .literal.spi_flash_get_id_raw
                0x00000000401001f8       0x10 /home/ttqq/esp8266/getting_started/station/build/bootloader/spi_flash/libspi_flash.a(spi_flash_raw.o)
                                         0x1c (size before relaxing)
 .literal.spi_flash_read_status_raw
                0x0000000040100208        0x4 /home/ttqq/esp8266/getting_started/station/build/bootloader/spi_flash/libspi_flash.a(spi_flash_raw.o)
                                          0xc (size before relaxing)
 .literal.spi_flash_enable_qmode_raw
                0x000000004010020c        0x4 /home/ttqq/esp8266/getting_started/station/build/bootloader/spi_flash/libspi_flash.a(spi_flash_raw.o)
                                         0x10 (size before relaxing)
 .literal.spi_user_cmd_raw
                0x0000000040100210       0x64 /home/ttqq/esp8266/getting_started/station/build/bootloader/spi_flash/libspi_flash.a(spi_flash_raw.o)
                                         0x8c (size before relaxing)
 .literal.spi_flash_switch_to_qio_raw
                0x0000000040100274        0x8 /home/ttqq/esp8266/getting_started/station/build/bootloader/spi_flash/libspi_flash.a(spi_flash_raw.o)
                                          0xc (size before relaxing)
 .literal.uart_putc
                0x000000004010027c        0x4 /home/ttqq/esp8266/getting_started/station/build/bootloader/esp8266/libesp8266.a(ets_printf.o)
                                          0x8 (size before relaxing)
 .literal.ets_putc
                0x0000000040100280        0x0 /home/ttqq/esp8266/getting_started/station/build/bootloader/esp8266/libesp8266.a(ets_printf.o)
                                          0x8 (size before relaxing)
 .literal.ets_vprintf
                0x0000000040100280        0x8 /home/ttqq/esp8266/getting_started/station/build/bootloader/esp8266/libesp8266.a(ets_printf.o)
 .literal.crc32_le
                0x0000000040100288        0x4 /home/ttqq/esp8266/getting_started/station/build/bootloader/esp8266/libesp8266.a(crc.o)
 .iram1.0.literal
                0x000000004010028c        0x8 /home/ttqq/esp8266/getting_started/station/build/bootloader/log/liblog.a(log.o)
 .iram1.1.literal
                0x0000000040100294       0x18 /home/ttqq/esp8266/getting_started/station/build/bootloader/log/liblog.a(log.o)
                                         0x30 (size before relaxing)
 .iram1.0.literal
                0x00000000401002ac        0x0 /home/ttqq/esp8266/getting_started/station/build/bootloader/esp8266/libesp8266.a(ets_printf.o)
                                          0x8 (size before relaxing)
 .text.selected_boot_partition
                0x00000000401002ac        0xf /home/ttqq/esp8266/getting_started/station/build/bootloader/main/libmain.a(bootloader_start.o)
                                         0x13 (size before relaxing)
 *fill*         0x00000000401002bb        0x1 
 .text.select_image
                0x00000000401002bc       0x68 /home/ttqq/esp8266/getting_started/station/build/bootloader/main/libmain.a(bootloader_start.o)
                                         0x70 (size before relaxing)
 .text.call_start_cpu
                0x0000000040100324       0x26 /home/ttqq/esp8266/getting_started/station/build/bootloader/main/libmain.a(bootloader_start.o)
                                         0x2e (size before relaxing)
                0x0000000040100324                call_start_cpu
 *fill*         0x000000004010034a        0x2 
 .text.print_flash_info
                0x000000004010034c       0xc7 /home/ttqq/esp8266/getting_started/station/build/bootloader/bootloader_support/libbootloader_support.a(bootloader_init.o)
                                         0xcb (size before relaxing)
 *fill*         0x0000000040100413        0x1 
 .text.uart_console_configure
                0x0000000040100414       0x23 /home/ttqq/esp8266/getting_started/station/build/bootloader/bootloader_support/libbootloader_support.a(bootloader_init.o)
 *fill*         0x0000000040100437        0x1 
 .text.update_flash_config
                0x0000000040100438       0x21 /home/ttqq/esp8266/getting_started/station/build/bootloader/bootloader_support/libbootloader_support.a(bootloader_init.o)
 *fill*         0x0000000040100459        0x3 
 .text.bootloader_main
                0x000000004010045c       0x61 /home/ttqq/esp8266/getting_started/station/build/bootloader/bootloader_support/libbootloader_support.a(bootloader_init.o)
                                         0x79 (size before relaxing)
 *fill*         0x00000000401004bd        0x3 
 .text.bootloader_init
                0x00000000401004c0       0x25 /home/ttqq/esp8266/getting_started/station/build/bootloader/bootloader_support/libbootloader_support.a(bootloader_init.o)
                                         0x29 (size before relaxing)
                0x00000000401004c0                bootloader_init
 *fill*         0x00000000401004e5        0x3 
 .text.bootloader_utility_start_image
                0x00000000401004e8       0x20 /home/ttqq/esp8266/getting_started/station/build/bootloader/bootloader_support/libbootloader_support.a(bootloader_utility.o)
                                         0x24 (size before relaxing)
 .text.log_invalid_app_partition
                0x0000000040100508       0x4b /home/ttqq/esp8266/getting_started/station/build/bootloader/bootloader_support/libbootloader_support.a(bootloader_utility.o)
                                         0x53 (size before relaxing)
 *fill*         0x0000000040100553        0x1 
 .text.try_load_partition
                0x0000000040100554       0x3d /home/ttqq/esp8266/getting_started/station/build/bootloader/bootloader_support/libbootloader_support.a(bootloader_utility.o)
                                         0x41 (size before relaxing)
 *fill*         0x0000000040100591        0x3 
 .text.bootloader_utility_load_partition_table
                0x0000000040100594      0x170 /home/ttqq/esp8266/getting_started/station/build/bootloader/bootloader_support/libbootloader_support.a(bootloader_utility.o)
                                        0x184 (size before relaxing)
                0x0000000040100594                bootloader_utility_load_partition_table
 .text.bootloader_utility_get_selected_boot_partition
                0x0000000040100704      0x13c /home/ttqq/esp8266/getting_started/station/build/bootloader/bootloader_support/libbootloader_support.a(bootloader_utility.o)
                                        0x14c (size before relaxing)
                0x0000000040100704                bootloader_utility_get_selected_boot_partition
 .text.bootloader_utility_load_boot_image
                0x0000000040100840       0xd6 /home/ttqq/esp8266/getting_started/station/build/bootloader/bootloader_support/libbootloader_support.a(bootloader_utility.o)
                                         0xfa (size before relaxing)
                0x0000000040100840                bootloader_utility_load_boot_image
 *fill*         0x0000000040100916        0x2 
 .text.bootloader_utility_load_image
                0x0000000040100918       0x19 /home/ttqq/esp8266/getting_started/station/build/bootloader/bootloader_support/libbootloader_support.a(bootloader_utility.o)
                0x0000000040100918                bootloader_utility_load_image
 *fill*         0x0000000040100931        0x3 
 .text.bootloader_flash_read_no_decrypt
                0x0000000040100934       0x15 /home/ttqq/esp8266/getting_started/station/build/bootloader/bootloader_support/libbootloader_support.a(bootloader_flash.o)
 *fill*         0x0000000040100949        0x3 
 .text.bootloader_mmap
                0x000000004010094c       0xa6 /home/ttqq/esp8266/getting_started/station/build/bootloader/bootloader_support/libbootloader_support.a(bootloader_flash.o)
                                         0xaa (size before relaxing)
                0x000000004010094c                bootloader_mmap
 *fill*         0x00000000401009f2        0x2 
 .text.bootloader_munmap
                0x00000000401009f4       0x23 /home/ttqq/esp8266/getting_started/station/build/bootloader/bootloader_support/libbootloader_support.a(bootloader_flash.o)
                0x00000000401009f4                bootloader_munmap
 *fill*         0x0000000040100a17        0x1 
 .text.bootloader_flash_read
                0x0000000040100a18       0x60 /home/ttqq/esp8266/getting_started/station/build/bootloader/bootloader_support/libbootloader_support.a(bootloader_flash.o)
                                         0x63 (size before relaxing)
                0x0000000040100a18                bootloader_flash_read
 *fill*         0x0000000040100a78        0x0 
 .text.bootloader_common_ota_select_crc
                0x0000000040100a78       0x18 /home/ttqq/esp8266/getting_started/station/build/bootloader/bootloader_support/libbootloader_support.a(bootloader_common.o)
                0x0000000040100a78                bootloader_common_ota_select_crc
 .text.bootloader_common_ota_select_valid
                0x0000000040100a90       0x2c /home/ttqq/esp8266/getting_started/station/build/bootloader/bootloader_support/libbootloader_support.a(bootloader_common.o)
                0x0000000040100a90                bootloader_common_ota_select_valid
 .text.esp_partition_table_basic_verify
                0x0000000040100abc       0xd7 /home/ttqq/esp8266/getting_started/station/build/bootloader/bootloader_support/libbootloader_support.a(flash_partitions.o)
                0x0000000040100abc                esp_partition_table_basic_verify
 *fill*         0x0000000040100b93        0x1 
 .text.should_map
                0x0000000040100b94       0x15 /home/ttqq/esp8266/getting_started/station/build/bootloader/bootloader_support/libbootloader_support.a(esp_image_format.o)
 *fill*         0x0000000040100ba9        0x3 
 .text.should_load
                0x0000000040100bac       0x19 /home/ttqq/esp8266/getting_started/station/build/bootloader/bootloader_support/libbootloader_support.a(esp_image_format.o)
                                         0x1d (size before relaxing)
 *fill*         0x0000000040100bc5        0x3 
 .text.verify_image_header
                0x0000000040100bc8       0x7d /home/ttqq/esp8266/getting_started/station/build/bootloader/bootloader_support/libbootloader_support.a(esp_image_format.o)
                                         0x85 (size before relaxing)
 *fill*         0x0000000040100c45        0x3 
 .text.process_segment_data
                0x0000000040100c48       0x89 /home/ttqq/esp8266/getting_started/station/build/bootloader/bootloader_support/libbootloader_support.a(esp_image_format.o)
                                         0x91 (size before relaxing)
 *fill*         0x0000000040100cd1        0x3 
 .text.verify_checksum
                0x0000000040100cd4       0x9c /home/ttqq/esp8266/getting_started/station/build/bootloader/bootloader_support/libbootloader_support.a(esp_image_format.o)
                                         0xa0 (size before relaxing)
 .text.process_segment
                0x0000000040100d70      0x10b /home/ttqq/esp8266/getting_started/station/build/bootloader/bootloader_support/libbootloader_support.a(esp_image_format.o)
                                        0x117 (size before relaxing)
 *fill*         0x0000000040100e7b        0x1 
 .text.esp_image_load
                0x0000000040100e7c      0x18d /home/ttqq/esp8266/getting_started/station/build/bootloader/bootloader_support/libbootloader_support.a(esp_image_format.o)
                                        0x1a5 (size before relaxing)
                0x0000000040100e7c                esp_image_load
 *fill*         0x0000000040101009        0x3 
 .text.spi_user_cmd
                0x000000004010100c       0x4d /home/ttqq/esp8266/getting_started/station/build/bootloader/spi_flash/libspi_flash.a(spi_flash.o)
                0x000000004010100c                spi_user_cmd
 *fill*         0x0000000040101059        0x3 
 .text.special_flash_read_status
                0x000000004010105c       0x39 /home/ttqq/esp8266/getting_started/station/build/bootloader/spi_flash/libspi_flash.a(spi_flash.o)
                                         0x3d (size before relaxing)
                0x000000004010105c                special_flash_read_status
 *fill*         0x0000000040101095        0x3 
 .text.flash_gd25q32c_read_status
                0x0000000040101098       0x33 /home/ttqq/esp8266/getting_started/station/build/bootloader/spi_flash/libspi_flash.a(spi_flash.o)
 *fill*         0x00000000401010cb        0x1 
 .text.special_flash_write_status
                0x00000000401010cc       0x5c /home/ttqq/esp8266/getting_started/station/build/bootloader/spi_flash/libspi_flash.a(spi_flash.o)
                                         0x60 (size before relaxing)
                0x00000000401010cc                special_flash_write_status
 .text.spi_flash_enable_qio_bit6
                0x0000000040101128       0x17 /home/ttqq/esp8266/getting_started/station/build/bootloader/spi_flash/libspi_flash.a(spi_flash.o)
                                         0x1b (size before relaxing)
 *fill*         0x000000004010113f        0x1 
 .text.flash_gd25q32c_write_status
                0x0000000040101140       0x30 /home/ttqq/esp8266/getting_started/station/build/bootloader/spi_flash/libspi_flash.a(spi_flash.o)
 .text.flash_gd25q32c_enable_QIO_mode
                0x0000000040101170       0x3e /home/ttqq/esp8266/getting_started/station/build/bootloader/spi_flash/libspi_flash.a(spi_flash.o)
                                         0x46 (size before relaxing)
 *fill*         0x00000000401011ae        0x2 
 .text.en25q16x_read_sfdp
                0x00000000401011b0       0x43 /home/ttqq/esp8266/getting_started/station/build/bootloader/spi_flash/libspi_flash.a(spi_flash.o)
                0x00000000401011b0                en25q16x_read_sfdp
 *fill*         0x00000000401011f3        0x1 
 .text.spi_flash_get_id
                0x00000000401011f4       0x26 /home/ttqq/esp8266/getting_started/station/build/bootloader/spi_flash/libspi_flash.a(spi_flash.o)
                0x00000000401011f4                spi_flash_get_id
 *fill*         0x000000004010121a        0x2 
 .text.spi_flash_read_status
                0x000000004010121c       0x28 /home/ttqq/esp8266/getting_started/station/build/bootloader/spi_flash/libspi_flash.a(spi_flash.o)
                0x000000004010121c                spi_flash_read_status
 .text.spi_flash_issi_enable_QIO_mode
                0x0000000040101244       0x43 /home/ttqq/esp8266/getting_started/station/build/bootloader/spi_flash/libspi_flash.a(spi_flash.o)
                                         0x4b (size before relaxing)
 *fill*         0x0000000040101287        0x1 
 .text.special_flash_set_mode
                0x0000000040101288       0x41 /home/ttqq/esp8266/getting_started/station/build/bootloader/spi_flash/libspi_flash.a(spi_flash.o)
                                         0x45 (size before relaxing)
                0x0000000040101288                special_flash_set_mode
 *fill*         0x00000000401012c9        0x3 
 .text.en25q16x_write_volatile_status
                0x00000000401012cc       0x4f /home/ttqq/esp8266/getting_started/station/build/bootloader/spi_flash/libspi_flash.a(spi_flash.o)
                                         0x5b (size before relaxing)
                0x00000000401012cc                en25q16x_write_volatile_status
 *fill*         0x000000004010131b        0x1 
 .text.user_spi_flash_dio_to_qio_pre_init
                0x000000004010131c       0x95 /home/ttqq/esp8266/getting_started/station/build/bootloader/spi_flash/libspi_flash.a(spi_flash.o)
                                         0xa1 (size before relaxing)
                0x000000004010131c                user_spi_flash_dio_to_qio_pre_init
 *fill*         0x00000000401013b1        0x3 
 .text.esp_spi_flash_init
                0x00000000401013b4       0xb9 /home/ttqq/esp8266/getting_started/station/build/bootloader/spi_flash/libspi_flash.a(spi_flash.o)
                                         0xc1 (size before relaxing)
                0x00000000401013b4                esp_spi_flash_init
 *fill*         0x000000004010146d        0x3 
 .text.Cache_Read_Disable_2
                0x0000000040101470       0x34 /home/ttqq/esp8266/getting_started/station/build/bootloader/spi_flash/libspi_flash.a(spi_flash_raw.o)
                0x0000000040101470                Cache_Read_Disable_2
 .text.Cache_Read_Enable_2
                0x00000000401014a4       0x28 /home/ttqq/esp8266/getting_started/station/build/bootloader/spi_flash/libspi_flash.a(spi_flash_raw.o)
                0x00000000401014a4                Cache_Read_Enable_New
                0x00000000401014a4                Cache_Read_Enable_2
 .text.spi_flash_get_id_raw
                0x00000000401014cc       0x57 /home/ttqq/esp8266/getting_started/station/build/bootloader/spi_flash/libspi_flash.a(spi_flash_raw.o)
                0x00000000401014cc                spi_flash_get_id_raw
 *fill*         0x0000000040101523        0x1 
 .text.spi_flash_read_status_raw
                0x0000000040101524       0x2f /home/ttqq/esp8266/getting_started/station/build/bootloader/spi_flash/libspi_flash.a(spi_flash_raw.o)
                                         0x33 (size before relaxing)
                0x0000000040101524                spi_flash_read_status_raw
 *fill*         0x0000000040101553        0x1 
 .text.spi_flash_enable_qmode_raw
                0x0000000040101554       0x33 /home/ttqq/esp8266/getting_started/station/build/bootloader/spi_flash/libspi_flash.a(spi_flash_raw.o)
                                         0x37 (size before relaxing)
                0x0000000040101554                spi_flash_enable_qmode_raw
 *fill*         0x0000000040101587        0x1 
 .text.spi_user_cmd_raw
                0x0000000040101588      0x3df /home/ttqq/esp8266/getting_started/station/build/bootloader/spi_flash/libspi_flash.a(spi_flash_raw.o)
                0x0000000040101588                spi_user_cmd_raw
 *fill*         0x0000000040101967        0x1 
 .text.spi_flash_switch_to_qio_raw
                0x0000000040101968       0x25 /home/ttqq/esp8266/getting_started/station/build/bootloader/spi_flash/libspi_flash.a(spi_flash_raw.o)
                0x0000000040101968                spi_flash_switch_to_qio_raw
 *fill*         0x000000004010198d        0x3 
 .text.uart_putc
                0x0000000040101990       0x1b /home/ttqq/esp8266/getting_started/station/build/bootloader/esp8266/libesp8266.a(ets_printf.o)
 *fill*         0x00000000401019ab        0x1 
 .text.ets_putc
                0x00000000401019ac       0x27 /home/ttqq/esp8266/getting_started/station/build/bootloader/esp8266/libesp8266.a(ets_printf.o)
                0x00000000401019ac                ets_putc
 *fill*         0x00000000401019d3        0x1 
 .text.ets_vprintf
                0x00000000401019d4       0x1f /home/ttqq/esp8266/getting_started/station/build/bootloader/esp8266/libesp8266.a(ets_printf.o)
                0x00000000401019d4                ets_vprintf
 *fill*         0x00000000401019f3        0x1 
 .text.crc32_le
                0x00000000401019f4       0x31 /home/ttqq/esp8266/getting_started/station/build/bootloader/esp8266/libesp8266.a(crc.o)
                0x00000000401019f4                crc32_le
 *fill*         0x0000000040101a25        0x3 
 .text.phy_reg_default
                0x0000000040101a28       0x36 /home/ttqq/esp8266/ESP8266_RTOS_SDK/components/esp8266/lib/libcore.a(phy.o)
                0x0000000040101a38                phy_reg_default
 *fill*         0x0000000040101a5e        0x2 
 .text.uart_div_modify
                0x0000000040101a60       0x50 /home/ttqq/esp8266/ESP8266_RTOS_SDK/components/esp8266/lib/libcore.a(uart.o)
                0x0000000040101a70                uart_div_modify
 *fill*         0x0000000040101ab0        0x0 
 *fill*         0x0000000040101ab0        0x0 
 *fill*         0x0000000040101ab0        0x0 
 *fill*         0x0000000040101ab0        0x0 
 *fill*         0x0000000040101ab0        0x0 
 *fill*         0x0000000040101ab0        0x0 
 *fill*         0x0000000040101ab0        0x0 
 .text.index_to_partition
                0x0000000040101ab0       0x4d /home/ttqq/esp8266/getting_started/station/build/bootloader/bootloader_support/libbootloader_support.a(bootloader_utility.o)
 *fill*         0x0000000040101afd        0x0 
 *fill*         0x0000000040101afd        0x0 
 *fill*         0x0000000040101afd        0x0 
 *fill*         0x0000000040101afd        0x0 
 *fill*         0x0000000040101afd        0x0 
 *fill*         0x0000000040101afd        0x0 
 *fill*         0x0000000040101afd        0x0 
 *fill*         0x0000000040101afd        0x0 
 *fill*         0x0000000040101afd        0x0 
 *fill*         0x0000000040101afd        0x3 
 .text.verify_segment_header
                0x0000000040101b00        0x4 /home/ttqq/esp8266/getting_started/station/build/bootloader/bootloader_support/libbootloader_support.a(esp_image_format.o)
 *fill*         0x0000000040101b04        0x0 
 *fill*         0x0000000040101b04        0x0 
 *fill*         0x0000000040101b04        0x0 
 *fill*         0x0000000040101b04        0x0 
 *fill*         0x0000000040101b04        0x0 
 *fill*         0x0000000040101b04        0x0 
 *fill*         0x0000000040101b04        0x0 
 *fill*         0x0000000040101b04        0x0 
 *fill*         0x0000000040101b04        0x0 
 *fill*         0x0000000040101b04        0x0 
 *fill*         0x0000000040101b04        0x0 
 *fill*         0x0000000040101b04        0x0 
 *fill*         0x0000000040101b04        0x0 
 *fill*         0x0000000040101b04        0x0 
 *fill*         0x0000000040101b04        0x0 
 *fill*         0x0000000040101b04        0x0 
 *fill*         0x0000000040101b04        0x0 
 *fill*         0x0000000040101b04        0x0 
 *fill*         0x0000000040101b04        0x0 
 *fill*         0x0000000040101b04        0x0 
 *fill*         0x0000000040101b04        0x0 
 *fill*         0x0000000040101b04        0x0 
 *fill*         0x0000000040101b04        0x0 
 *fill*         0x0000000040101b04        0x0 
 *fill*         0x0000000040101b04        0x0 
 *fill*         0x0000000040101b04        0x0 
 *fill*         0x0000000040101b04        0x0 
 *fill*         0x0000000040101b04        0x0 
 *(.iram1 .iram1.*)
 .iram1.0       0x0000000040101b04       0x18 /home/ttqq/esp8266/getting_started/station/build/bootloader/log/liblog.a(log.o)
                0x0000000040101b04                esp_log_early_timestamp
 .iram1.1       0x0000000040101b1c       0x96 /home/ttqq/esp8266/getting_started/station/build/bootloader/log/liblog.a(log.o)
                                         0xa1 (size before relaxing)
                0x0000000040101b1c                esp_early_log_write
 *fill*         0x0000000040101bb2        0x2 
 .iram1.0       0x0000000040101bb4       0x35 /home/ttqq/esp8266/getting_started/station/build/bootloader/esp8266/libesp8266.a(ets_printf.o)
                                         0x39 (size before relaxing)
                0x0000000040101bb4                ets_printf
 *fill*         0x0000000040101be9        0x0 
 *(.fini.literal)
 *(.fini)
 *(.gnu.version)
                0x0000000040101be9                _text_end = ABSOLUTE (.)
                0x0000000040101be9                _etext = .

.bss            0x000000003ffe8000      0x408
                0x000000003ffe8000                . = ALIGN (0x8)
                0x000000003ffe8000                _bss_start = ABSOLUTE (.)
 *(.dynsbss)
 *(.sbss)
 *(.sbss.*)
 *(.gnu.linkonce.sb.*)
 *(.scommon)
 *(.sbss2)
 *(.sbss2.*)
 *(.gnu.linkonce.sb2.*)
 *(.dynbss)
 *(.bss)
 *(.bss.*)
 .bss.mapped    0x000000003ffe8000        0x1 /home/ttqq/esp8266/getting_started/station/build/bootloader/bootloader_support/libbootloader_support.a(bootloader_flash.o)
 *fill*         0x000000003ffe8001        0x3 
 .bss.pbuf$3623
                0x000000003ffe8004      0x400 /home/ttqq/esp8266/getting_started/station/build/bootloader/bootloader_support/libbootloader_support.a(esp_image_format.o)
 .bss.FlashIsOnGoing
                0x000000003ffe8404        0x1 /home/ttqq/esp8266/getting_started/station/build/bootloader/spi_flash/libspi_flash.a(spi_flash.o)
                0x000000003ffe8404                FlashIsOnGoing
 *(.gnu.linkonce.b.*)
 *(COMMON)
                0x000000003ffe8408                . = ALIGN (0x8)
 *fill*         0x000000003ffe8405        0x3 
                0x000000003ffe8408                _bss_end = ABSOLUTE (.)

.data           0x000000003ffe8408       0x18
                0x000000003ffe8408                _data_start = ABSOLUTE (.)
 *(.data)
 *(.data.*)
 .data.g_rom_flashchip
                0x000000003ffe8408       0x18 /home/ttqq/esp8266/getting_started/station/build/bootloader/spi_flash/libspi_flash.a(spi_flash.o)
                0x000000003ffe8408                g_rom_flashchip
 *(.gnu.linkonce.d.*)
 *(.data1)
 *(.sdata)
 *(.sdata.*)
 *(.gnu.linkonce.s.*)
 *(.sdata2)
 *(.sdata2.*)
 *(.gnu.linkonce.s2.*)
 *(.jcr)
                0x000000003ffe8420                _data_end = ABSOLUTE (.)

.rodata         0x000000003ffe8420      0xd00
                0x000000003ffe8420                _rodata_start = ABSOLUTE (.)
 *(.rodata)
 *(.rodata.*)
 .rodata.select_image.str1.4
                0x000000003ffe8420       0x21 /home/ttqq/esp8266/getting_started/station/build/bootloader/main/libmain.a(bootloader_start.o)
 *fill*         0x000000003ffe8441        0x3 
 .rodata.print_flash_info.str1.4
                0x000000003ffe8444       0x88 /home/ttqq/esp8266/getting_started/station/build/bootloader/bootloader_support/libbootloader_support.a(bootloader_init.o)
                                         0x94 (size before relaxing)
 .rodata.print_flash_info
                0x000000003ffe84cc       0x28 /home/ttqq/esp8266/getting_started/station/build/bootloader/bootloader_support/libbootloader_support.a(bootloader_init.o)
 .rodata.bootloader_main.str1.4
                0x000000003ffe84f4       0x72 /home/ttqq/esp8266/getting_started/station/build/bootloader/bootloader_support/libbootloader_support.a(bootloader_init.o)
 *fill*         0x000000003ffe8566        0x2 
 .rodata.log_invalid_app_partition.str1.4
                0x000000003ffe8568       0x68 /home/ttqq/esp8266/getting_started/station/build/bootloader/bootloader_support/libbootloader_support.a(bootloader_utility.o)
                                         0x70 (size before relaxing)
 .rodata.try_load_partition.str1.4
                0x000000003ffe85d0       0x29 /home/ttqq/esp8266/getting_started/station/build/bootloader/bootloader_support/libbootloader_support.a(bootloader_utility.o)
 *fill*         0x000000003ffe85f9        0x3 
 .rodata.bootloader_utility_load_partition_table.str1.4
                0x000000003ffe85fc      0x137 /home/ttqq/esp8266/getting_started/station/build/bootloader/bootloader_support/libbootloader_support.a(bootloader_utility.o)
 *fill*         0x000000003ffe8733        0x1 
 .rodata.bootloader_utility_get_selected_boot_partition.str1.4
                0x000000003ffe8734       0xef /home/ttqq/esp8266/getting_started/station/build/bootloader/bootloader_support/libbootloader_support.a(bootloader_utility.o)
 *fill*         0x000000003ffe8823        0x1 
 .rodata.bootloader_utility_load_boot_image.str1.4
                0x000000003ffe8824       0x9a /home/ttqq/esp8266/getting_started/station/build/bootloader/bootloader_support/libbootloader_support.a(bootloader_utility.o)
 *fill*         0x000000003ffe88be        0x2 
 .rodata.bootloader_mmap.str1.4
                0x000000003ffe88c0       0x57 /home/ttqq/esp8266/getting_started/station/build/bootloader/bootloader_support/libbootloader_support.a(bootloader_flash.o)
 *fill*         0x000000003ffe8917        0x1 
 .rodata.bootloader_flash_read.str1.4
                0x000000003ffe8918       0x9f /home/ttqq/esp8266/getting_started/station/build/bootloader/bootloader_support/libbootloader_support.a(bootloader_flash.o)
 *fill*         0x000000003ffe89b7        0x1 
 .rodata.esp_partition_table_basic_verify.str1.4
                0x000000003ffe89b8       0xb4 /home/ttqq/esp8266/getting_started/station/build/bootloader/bootloader_support/libbootloader_support.a(flash_partitions.o)
 .rodata.verify_image_header.str1.4
                0x000000003ffe8a6c       0x82 /home/ttqq/esp8266/getting_started/station/build/bootloader/bootloader_support/libbootloader_support.a(esp_image_format.o)
 *fill*         0x000000003ffe8aee        0x2 
 .rodata.process_segment_data.str1.4
                0x000000003ffe8af0       0x27 /home/ttqq/esp8266/getting_started/station/build/bootloader/bootloader_support/libbootloader_support.a(esp_image_format.o)
 *fill*         0x000000003ffe8b17        0x1 
 .rodata.verify_checksum.str1.4
                0x000000003ffe8b18       0x57 /home/ttqq/esp8266/getting_started/station/build/bootloader/bootloader_support/libbootloader_support.a(esp_image_format.o)
 *fill*         0x000000003ffe8b6f        0x1 
 .rodata.process_segment.str1.4
                0x000000003ffe8b70       0x8f /home/ttqq/esp8266/getting_started/station/build/bootloader/bootloader_support/libbootloader_support.a(esp_image_format.o)
                                         0x93 (size before relaxing)
 *fill*         0x000000003ffe8bff        0x1 
 .rodata.esp_image_load.str1.4
                0x000000003ffe8c00       0xaf /home/ttqq/esp8266/getting_started/station/build/bootloader/bootloader_support/libbootloader_support.a(esp_image_format.o)
 *fill*         0x000000003ffe8caf        0x1 
 .rodata.esp_spi_flash_init.str1.4
                0x000000003ffe8cb0       0x29 /home/ttqq/esp8266/getting_started/station/build/bootloader/spi_flash/libspi_flash.a(spi_flash.o)
 *fill*         0x000000003ffe8cd9        0x3 
 .rodata.str1.4
                0x000000003ffe8cdc       0x24 /home/ttqq/esp8266/getting_started/station/build/bootloader/log/liblog.a(log.o)
                                         0x22 (size before relaxing)
 .rodata.s_log_prefix
                0x000000003ffe8d00        0x6 /home/ttqq/esp8266/getting_started/station/build/bootloader/log/liblog.a(log.o)
 *fill*         0x000000003ffe8d06        0x2 
 .rodata.s_log_color
                0x000000003ffe8d08       0x18 /home/ttqq/esp8266/getting_started/station/build/bootloader/log/liblog.a(log.o)
 .rodata.crc32_le_table
                0x000000003ffe8d20      0x400 /home/ttqq/esp8266/getting_started/station/build/bootloader/esp8266/libesp8266.a(crc.o)
 *(.gnu.linkonce.r.*)
 *(.rodata1)
                0x000000003ffe9120                __XT_EXCEPTION_TABLE_ = ABSOLUTE (.)
 *(.xt_except_table)
 *(.gcc_except_table)
 *(.gnu.linkonce.e.*)
 *(.gnu.version_r)
 *(.eh_frame)
                0x000000003ffe9120                . = ((. + 0x3) & 0xfffffffffffffffc)
                0x000000003ffe9120                __init_array_start = ABSOLUTE (.)
 *crtbegin.o(.ctors)
 *(EXCLUDE_FILE(*crtend.o) .ctors)
 *(SORT_BY_NAME(.ctors.*))
 *(.ctors)
                0x000000003ffe9120                __init_array_end = ABSOLUTE (.)
 *crtbegin.o(.dtors)
 *(EXCLUDE_FILE(*crtend.o) .dtors)
 *(SORT_BY_NAME(.dtors.*))
 *(.dtors)
                0x000000003ffe9120                __XT_EXCEPTION_DESCS_ = ABSOLUTE (.)
 *(.xt_except_desc)
 *(.gnu.linkonce.h.*)
                0x000000003ffe9120                __XT_EXCEPTION_DESCS_END__ = ABSOLUTE (.)
 *(.xt_except_desc_end)
 *(.dynamic)
 *(.gnu.version_d)
                0x000000003ffe9120                _rodata_end = ABSOLUTE (.)
                0x000000003ffe9120                _lit4_start = ABSOLUTE (.)
 *(*.lit4)
 *(.lit4.*)
 *(.gnu.linkonce.lit4.*)
                0x000000003ffe9120                _lit4_end = ABSOLUTE (.)
                0x000000003ffe9120                . = ALIGN (0x4)
                0x000000003ffe9120                _heap_start = ABSOLUTE (.)
                0x0000000060001100                PROVIDE (rtc_sys_info = 0x60001100)
                0x00000000400040c0                PROVIDE (SPI_sector_erase = 0x400040c0)
                0x0000000040004174                PROVIDE (SPI_page_program = 0x40004174)
                0x00000000400042ac                PROVIDE (SPI_read_data = 0x400042ac)
                0x00000000400043c8                PROVIDE (SPI_read_status = 0x400043c8)
                0x0000000040004400                PROVIDE (SPI_write_status = 0x40004400)
                0x000000004000443c                PROVIDE (SPI_write_enable = 0x4000443c)
                0x000000004000448c                PROVIDE (Wait_SPI_Idle = 0x4000448c)
                0x00000000400044c0                PROVIDE (Enable_QMode = 0x400044c0)
                [!provide]                        PROVIDE (Disable_QMode = 0x40004508)
                0x0000000040004678                PROVIDE (Cache_Read_Enable = 0x40004678)
                0x00000000400047f0                PROVIDE (Cache_Read_Disable = 0x400047f0)
                [!provide]                        PROVIDE (lldesc_build_chain = 0x40004f40)
                [!provide]                        PROVIDE (lldesc_num2link = 0x40005050)
                [!provide]                        PROVIDE (lldesc_set_owner = 0x4000507c)
                0x000000004000c538                __adddf3 = 0x4000c538
                0x000000004000c180                __addsf3 = 0x4000c180
                0x000000004000cb94                __divdf3 = 0x4000cb94
                0x000000004000ce60                __divdi3 = 0x4000ce60
                0x000000004000dc88                __divsi3 = 0x4000dc88
                0x000000004000cdfc                __extendsfdf2 = 0x4000cdfc
                0x000000004000ccb8                __fixdfsi = 0x4000ccb8
                0x000000004000cd00                __fixunsdfsi = 0x4000cd00
                0x000000004000c4c4                __fixunssfsi = 0x4000c4c4
                0x000000004000e2f0                __floatsidf = 0x4000e2f0
                0x000000004000e2ac                __floatsisf = 0x4000e2ac
                0x000000004000e2e8                __floatunsidf = 0x4000e2e8
                0x000000004000e2a4                __floatunsisf = 0x4000e2a4
                0x000000004000c8f0                __muldf3 = 0x4000c8f0
                0x0000000040000650                __muldi3 = 0x40000650
                0x000000004000c3dc                __mulsf3 = 0x4000c3dc
                0x000000004000c688                __subdf3 = 0x4000c688
                0x000000004000c268                __subsf3 = 0x4000c268
                0x000000004000cd5c                __truncdfsf2 = 0x4000cd5c
                0x000000004000d310                __udivdi3 = 0x4000d310
                0x000000004000e21c                __udivsi3 = 0x4000e21c
                0x000000004000d770                __umoddi3 = 0x4000d770
                0x000000004000e268                __umodsi3 = 0x4000e268
                0x000000004000dcf0                __umulsidi3 = 0x4000dcf0
                0x000000004000de84                bzero = 0x4000de84
                0x000000004000dea8                memcmp = 0x4000dea8
                0x000000004000df48                memcpy = 0x4000df48
                0x000000004000e04c                memmove = 0x4000e04c
                0x000000004000e190                memset = 0x4000e190
                0x000000004000bdc8                strcmp = 0x4000bdc8
                0x000000004000bec8                strcpy = 0x4000bec8
                0x000000004000bf4c                strlen = 0x4000bf4c
                0x000000004000bfa8                strncmp = 0x4000bfa8
                0x000000004000c0a0                strncpy = 0x4000c0a0
                0x000000004000e1e0                strstr = 0x4000e1e0
                0x0000000040004cf0                PROVIDE (gpio_input_get = 0x40004cf0)
                [!provide]                        PROVIDE (gpio_pin_wakeup_disable = 0x40004ed4)
                [!provide]                        PROVIDE (gpio_pin_wakeup_enable = 0x40004e90)
                0x0000000040001f00                PROVIDE (ets_io_vprintf = 0x40001f00)
                [!provide]                        PROVIDE (uart_rx_one_char = 0x40003b8c)
                [!provide]                        PROVIDE (rom_i2c_readReg = 0x40007268)
                [!provide]                        PROVIDE (rom_i2c_readReg_Mask = 0x4000729c)
                [!provide]                        PROVIDE (rom_i2c_writeReg = 0x400072d8)
                [!provide]                        PROVIDE (rom_i2c_writeReg_Mask = 0x4000730c)
                [!provide]                        PROVIDE (rom_software_reboot = 0x40000080)
                [!provide]                        PROVIDE (ets_memcpy = 0x400018b4)
                0x0000000040004b1c                PROVIDE (SPIRead = 0x40004b1c)
                0x0000000040004a4c                PROVIDE (SPIWrite = 0x40004a4c)
                0x0000000040004a00                PROVIDE (SPIEraseSector = 0x40004a00)
                [!provide]                        PROVIDE (gpio_input_get = 0x40004cf0)
                [!provide]                        PROVIDE (xthal_get_ccount = 0x4000dd38)
                [!provide]                        PROVIDE (uart_div_modify = 0x400039d8)
                [!provide]                        PROVIDE (ets_io_vprintf = 0x40001f00)
OUTPUT(/home/ttqq/esp8266/getting_started/station/build/bootloader/bootloader.elf elf32-xtensa-le)

.debug_frame    0x0000000000000000      0xb00
 .debug_frame   0x0000000000000000       0x74 /home/ttqq/esp8266/getting_started/station/build/bootloader/main/libmain.a(bootloader_start.o)
 .debug_frame   0x0000000000000074       0xb4 /home/ttqq/esp8266/getting_started/station/build/bootloader/bootloader_support/libbootloader_support.a(bootloader_init.o)
 .debug_frame   0x0000000000000128      0x140 /home/ttqq/esp8266/getting_started/station/build/bootloader/bootloader_support/libbootloader_support.a(bootloader_utility.o)
 .debug_frame   0x0000000000000268       0xdc /home/ttqq/esp8266/getting_started/station/build/bootloader/bootloader_support/libbootloader_support.a(bootloader_flash.o)
 .debug_frame   0x0000000000000344       0x74 /home/ttqq/esp8266/getting_started/station/build/bootloader/bootloader_support/libbootloader_support.a(bootloader_common.o)
 .debug_frame   0x00000000000003b8       0x38 /home/ttqq/esp8266/getting_started/station/build/bootloader/bootloader_support/libbootloader_support.a(flash_partitions.o)
 .debug_frame   0x00000000000003f0      0x13c /home/ttqq/esp8266/getting_started/station/build/bootloader/bootloader_support/libbootloader_support.a(esp_image_format.o)
 .debug_frame   0x000000000000052c      0x350 /home/ttqq/esp8266/getting_started/station/build/bootloader/spi_flash/libspi_flash.a(spi_flash.o)
 .debug_frame   0x000000000000087c      0x16c /home/ttqq/esp8266/getting_started/station/build/bootloader/spi_flash/libspi_flash.a(spi_flash_raw.o)
 .debug_frame   0x00000000000009e8       0x58 /home/ttqq/esp8266/getting_started/station/build/bootloader/log/liblog.a(log.o)
 .debug_frame   0x0000000000000a40       0x80 /home/ttqq/esp8266/getting_started/station/build/bootloader/esp8266/libesp8266.a(ets_printf.o)
 .debug_frame   0x0000000000000ac0       0x40 /home/ttqq/esp8266/getting_started/station/build/bootloader/esp8266/libesp8266.a(crc.o)

.debug_info     0x0000000000000000     0xc707
 .debug_info    0x0000000000000000      0xd7f /home/ttqq/esp8266/getting_started/station/build/bootloader/main/libmain.a(bootloader_start.o)
 .debug_info    0x0000000000000d7f      0xe6f /home/ttqq/esp8266/getting_started/station/build/bootloader/bootloader_support/libbootloader_support.a(bootloader_init.o)
 .debug_info    0x0000000000001bee     0x178d /home/ttqq/esp8266/getting_started/station/build/bootloader/bootloader_support/libbootloader_support.a(bootloader_utility.o)
 .debug_info    0x000000000000337b      0xe3a /home/ttqq/esp8266/getting_started/station/build/bootloader/bootloader_support/libbootloader_support.a(bootloader_flash.o)
 .debug_info    0x00000000000041b5     0x12b3 /home/ttqq/esp8266/getting_started/station/build/bootloader/bootloader_support/libbootloader_support.a(bootloader_common.o)
 .debug_info    0x0000000000005468      0xca5 /home/ttqq/esp8266/getting_started/station/build/bootloader/bootloader_support/libbootloader_support.a(flash_partitions.o)
 .debug_info    0x000000000000610d     0x16ca /home/ttqq/esp8266/getting_started/station/build/bootloader/bootloader_support/libbootloader_support.a(esp_image_format.o)
 .debug_info    0x00000000000077d7     0x1e00 /home/ttqq/esp8266/getting_started/station/build/bootloader/spi_flash/libspi_flash.a(spi_flash.o)
 .debug_info    0x00000000000095d7     0x10c9 /home/ttqq/esp8266/getting_started/station/build/bootloader/spi_flash/libspi_flash.a(spi_flash_raw.o)
 .debug_info    0x000000000000a6a0     0x12ba /home/ttqq/esp8266/getting_started/station/build/bootloader/log/liblog.a(log.o)
 .debug_info    0x000000000000b95a      0xb66 /home/ttqq/esp8266/getting_started/station/build/bootloader/esp8266/libesp8266.a(ets_printf.o)
 .debug_info    0x000000000000c4c0      0x247 /home/ttqq/esp8266/getting_started/station/build/bootloader/esp8266/libesp8266.a(crc.o)

.debug_abbrev   0x0000000000000000     0x217f
 .debug_abbrev  0x0000000000000000      0x2a2 /home/ttqq/esp8266/getting_started/station/build/bootloader/main/libmain.a(bootloader_start.o)
 .debug_abbrev  0x00000000000002a2      0x302 /home/ttqq/esp8266/getting_started/station/build/bootloader/bootloader_support/libbootloader_support.a(bootloader_init.o)
 .debug_abbrev  0x00000000000005a4      0x355 /home/ttqq/esp8266/getting_started/station/build/bootloader/bootloader_support/libbootloader_support.a(bootloader_utility.o)
 .debug_abbrev  0x00000000000008f9      0x2aa /home/ttqq/esp8266/getting_started/station/build/bootloader/bootloader_support/libbootloader_support.a(bootloader_flash.o)
 .debug_abbrev  0x0000000000000ba3      0x2c7 /home/ttqq/esp8266/getting_started/station/build/bootloader/bootloader_support/libbootloader_support.a(bootloader_common.o)
 .debug_abbrev  0x0000000000000e6a      0x271 /home/ttqq/esp8266/getting_started/station/build/bootloader/bootloader_support/libbootloader_support.a(flash_partitions.o)
 .debug_abbrev  0x00000000000010db      0x316 /home/ttqq/esp8266/getting_started/station/build/bootloader/bootloader_support/libbootloader_support.a(esp_image_format.o)
 .debug_abbrev  0x00000000000013f1      0x45b /home/ttqq/esp8266/getting_started/station/build/bootloader/spi_flash/libspi_flash.a(spi_flash.o)
 .debug_abbrev  0x000000000000184c      0x29d /home/ttqq/esp8266/getting_started/station/build/bootloader/spi_flash/libspi_flash.a(spi_flash_raw.o)
 .debug_abbrev  0x0000000000001ae9      0x315 /home/ttqq/esp8266/getting_started/station/build/bootloader/log/liblog.a(log.o)
 .debug_abbrev  0x0000000000001dfe      0x2a2 /home/ttqq/esp8266/getting_started/station/build/bootloader/esp8266/libesp8266.a(ets_printf.o)
 .debug_abbrev  0x00000000000020a0       0xdf /home/ttqq/esp8266/getting_started/station/build/bootloader/esp8266/libesp8266.a(crc.o)

.debug_loc      0x0000000000000000     0x36b8
 .debug_loc     0x0000000000000000       0x9b /home/ttqq/esp8266/getting_started/station/build/bootloader/main/libmain.a(bootloader_start.o)
 .debug_loc     0x000000000000009b       0xe6 /home/ttqq/esp8266/getting_started/station/build/bootloader/bootloader_support/libbootloader_support.a(bootloader_init.o)
 .debug_loc     0x0000000000000181      0x717 /home/ttqq/esp8266/getting_started/station/build/bootloader/bootloader_support/libbootloader_support.a(bootloader_utility.o)
 .debug_loc     0x0000000000000898      0x427 /home/ttqq/esp8266/getting_started/station/build/bootloader/bootloader_support/libbootloader_support.a(bootloader_flash.o)
 .debug_loc     0x0000000000000cbf      0x18f /home/ttqq/esp8266/getting_started/station/build/bootloader/bootloader_support/libbootloader_support.a(bootloader_common.o)
 .debug_loc     0x0000000000000e4e      0x11a /home/ttqq/esp8266/getting_started/station/build/bootloader/bootloader_support/libbootloader_support.a(flash_partitions.o)
 .debug_loc     0x0000000000000f68      0xb53 /home/ttqq/esp8266/getting_started/station/build/bootloader/bootloader_support/libbootloader_support.a(esp_image_format.o)
 .debug_loc     0x0000000000001abb     0x11dd /home/ttqq/esp8266/getting_started/station/build/bootloader/spi_flash/libspi_flash.a(spi_flash.o)
 .debug_loc     0x0000000000002c98      0x668 /home/ttqq/esp8266/getting_started/station/build/bootloader/spi_flash/libspi_flash.a(spi_flash_raw.o)
 .debug_loc     0x0000000000003300      0x119 /home/ttqq/esp8266/getting_started/station/build/bootloader/log/liblog.a(log.o)
 .debug_loc     0x0000000000003419       0xe9 /home/ttqq/esp8266/getting_started/station/build/bootloader/esp8266/libesp8266.a(ets_printf.o)
 .debug_loc     0x0000000000003502      0x1b6 /home/ttqq/esp8266/getting_started/station/build/bootloader/esp8266/libesp8266.a(crc.o)

.debug_aranges  0x0000000000000000      0x3b0
 .debug_aranges
                0x0000000000000000       0x30 /home/ttqq/esp8266/getting_started/station/build/bootloader/main/libmain.a(bootloader_start.o)
 .debug_aranges
                0x0000000000000030       0x40 /home/ttqq/esp8266/getting_started/station/build/bootloader/bootloader_support/libbootloader_support.a(bootloader_init.o)
 .debug_aranges
                0x0000000000000070       0x60 /home/ttqq/esp8266/getting_started/station/build/bootloader/bootloader_support/libbootloader_support.a(bootloader_utility.o)
 .debug_aranges
                0x00000000000000d0       0x48 /home/ttqq/esp8266/getting_started/station/build/bootloader/bootloader_support/libbootloader_support.a(bootloader_flash.o)
 .debug_aranges
                0x0000000000000118       0x30 /home/ttqq/esp8266/getting_started/station/build/bootloader/bootloader_support/libbootloader_support.a(bootloader_common.o)
 .debug_aranges
                0x0000000000000148       0x20 /home/ttqq/esp8266/getting_started/station/build/bootloader/bootloader_support/libbootloader_support.a(flash_partitions.o)
 .debug_aranges
                0x0000000000000168       0x60 /home/ttqq/esp8266/getting_started/station/build/bootloader/bootloader_support/libbootloader_support.a(esp_image_format.o)
 .debug_aranges
                0x00000000000001c8       0xe8 /home/ttqq/esp8266/getting_started/station/build/bootloader/spi_flash/libspi_flash.a(spi_flash.o)
 .debug_aranges
                0x00000000000002b0       0x70 /home/ttqq/esp8266/getting_started/station/build/bootloader/spi_flash/libspi_flash.a(spi_flash_raw.o)
 .debug_aranges
                0x0000000000000320       0x28 /home/ttqq/esp8266/getting_started/station/build/bootloader/log/liblog.a(log.o)
 .debug_aranges
                0x0000000000000348       0x38 /home/ttqq/esp8266/getting_started/station/build/bootloader/esp8266/libesp8266.a(ets_printf.o)
 .debug_aranges
                0x0000000000000380       0x30 /home/ttqq/esp8266/getting_started/station/build/bootloader/esp8266/libesp8266.a(crc.o)

.debug_ranges   0x0000000000000000      0x320
 .debug_ranges  0x0000000000000000       0x20 /home/ttqq/esp8266/getting_started/station/build/bootloader/main/libmain.a(bootloader_start.o)
 .debug_ranges  0x0000000000000020       0x30 /home/ttqq/esp8266/getting_started/station/build/bootloader/bootloader_support/libbootloader_support.a(bootloader_init.o)
 .debug_ranges  0x0000000000000050       0x50 /home/ttqq/esp8266/getting_started/station/build/bootloader/bootloader_support/libbootloader_support.a(bootloader_utility.o)
 .debug_ranges  0x00000000000000a0       0x38 /home/ttqq/esp8266/getting_started/station/build/bootloader/bootloader_support/libbootloader_support.a(bootloader_flash.o)
 .debug_ranges  0x00000000000000d8       0x20 /home/ttqq/esp8266/getting_started/station/build/bootloader/bootloader_support/libbootloader_support.a(bootloader_common.o)
 .debug_ranges  0x00000000000000f8       0x10 /home/ttqq/esp8266/getting_started/station/build/bootloader/bootloader_support/libbootloader_support.a(flash_partitions.o)
 .debug_ranges  0x0000000000000108       0x68 /home/ttqq/esp8266/getting_started/station/build/bootloader/bootloader_support/libbootloader_support.a(esp_image_format.o)
 .debug_ranges  0x0000000000000170       0xf0 /home/ttqq/esp8266/getting_started/station/build/bootloader/spi_flash/libspi_flash.a(spi_flash.o)
 .debug_ranges  0x0000000000000260       0x60 /home/ttqq/esp8266/getting_started/station/build/bootloader/spi_flash/libspi_flash.a(spi_flash_raw.o)
 .debug_ranges  0x00000000000002c0       0x18 /home/ttqq/esp8266/getting_started/station/build/bootloader/log/liblog.a(log.o)
 .debug_ranges  0x00000000000002d8       0x28 /home/ttqq/esp8266/getting_started/station/build/bootloader/esp8266/libesp8266.a(ets_printf.o)
 .debug_ranges  0x0000000000000300       0x20 /home/ttqq/esp8266/getting_started/station/build/bootloader/esp8266/libesp8266.a(crc.o)

.debug_line     0x0000000000000000     0x7b6a
 .debug_line    0x0000000000000000      0x4e8 /home/ttqq/esp8266/getting_started/station/build/bootloader/main/libmain.a(bootloader_start.o)
 .debug_line    0x00000000000004e8      0x7a7 /home/ttqq/esp8266/getting_started/station/build/bootloader/bootloader_support/libbootloader_support.a(bootloader_init.o)
 .debug_line    0x0000000000000c8f     0x1315 /home/ttqq/esp8266/getting_started/station/build/bootloader/bootloader_support/libbootloader_support.a(bootloader_utility.o)
 .debug_line    0x0000000000001fa4      0x80b /home/ttqq/esp8266/getting_started/station/build/bootloader/bootloader_support/libbootloader_support.a(bootloader_flash.o)
 .debug_line    0x00000000000027af      0x5a6 /home/ttqq/esp8266/getting_started/station/build/bootloader/bootloader_support/libbootloader_support.a(bootloader_common.o)
 .debug_line    0x0000000000002d55      0x5c3 /home/ttqq/esp8266/getting_started/station/build/bootloader/bootloader_support/libbootloader_support.a(flash_partitions.o)
 .debug_line    0x0000000000003318     0x11dd /home/ttqq/esp8266/getting_started/station/build/bootloader/bootloader_support/libbootloader_support.a(esp_image_format.o)
 .debug_line    0x00000000000044f5     0x1ec1 /home/ttqq/esp8266/getting_started/station/build/bootloader/spi_flash/libspi_flash.a(spi_flash.o)
 .debug_line    0x00000000000063b6      0xb9a /home/ttqq/esp8266/getting_started/station/build/bootloader/spi_flash/libspi_flash.a(spi_flash_raw.o)
 .debug_line    0x0000000000006f50      0x4f7 /home/ttqq/esp8266/getting_started/station/build/bootloader/log/liblog.a(log.o)
 .debug_line    0x0000000000007447      0x3c8 /home/ttqq/esp8266/getting_started/station/build/bootloader/esp8266/libesp8266.a(ets_printf.o)
 .debug_line    0x000000000000780f      0x35b /home/ttqq/esp8266/getting_started/station/build/bootloader/esp8266/libesp8266.a(crc.o)

.debug_str      0x0000000000000000     0x25c0
 .debug_str     0x0000000000000000      0x833 /home/ttqq/esp8266/getting_started/station/build/bootloader/main/libmain.a(bootloader_start.o)
                                        0x908 (size before relaxing)
 .debug_str     0x0000000000000833      0x38b /home/ttqq/esp8266/getting_started/station/build/bootloader/bootloader_support/libbootloader_support.a(bootloader_init.o)
                                        0xa54 (size before relaxing)
 .debug_str     0x0000000000000bbe      0x2e8 /home/ttqq/esp8266/getting_started/station/build/bootloader/bootloader_support/libbootloader_support.a(bootloader_utility.o)
                                        0xbbd (size before relaxing)
 .debug_str     0x0000000000000ea6      0x13e /home/ttqq/esp8266/getting_started/station/build/bootloader/bootloader_support/libbootloader_support.a(bootloader_flash.o)
                                        0x7c1 (size before relaxing)
 .debug_str     0x0000000000000fe4      0xabb /home/ttqq/esp8266/getting_started/station/build/bootloader/bootloader_support/libbootloader_support.a(bootloader_common.o)
                                       0x10eb (size before relaxing)
 .debug_str     0x0000000000001a9f       0x83 /home/ttqq/esp8266/getting_started/station/build/bootloader/bootloader_support/libbootloader_support.a(flash_partitions.o)
                                        0x7d9 (size before relaxing)
 .debug_str     0x0000000000001b22      0x1cb /home/ttqq/esp8266/getting_started/station/build/bootloader/bootloader_support/libbootloader_support.a(esp_image_format.o)
                                        0xbab (size before relaxing)
 .debug_str     0x0000000000001ced      0x53d /home/ttqq/esp8266/getting_started/station/build/bootloader/spi_flash/libspi_flash.a(spi_flash.o)
                                        0xd43 (size before relaxing)
 .debug_str     0x000000000000222a      0x12b /home/ttqq/esp8266/getting_started/station/build/bootloader/spi_flash/libspi_flash.a(spi_flash_raw.o)
                                        0x8eb (size before relaxing)
 .debug_str     0x0000000000002355      0x12f /home/ttqq/esp8266/getting_started/station/build/bootloader/log/liblog.a(log.o)
                                       0x1054 (size before relaxing)
 .debug_str     0x0000000000002484       0xba /home/ttqq/esp8266/getting_started/station/build/bootloader/esp8266/libesp8266.a(ets_printf.o)
                                        0x6b9 (size before relaxing)
 .debug_str     0x000000000000253e       0x82 /home/ttqq/esp8266/getting_started/station/build/bootloader/esp8266/libesp8266.a(crc.o)
                                        0x1e1 (size before relaxing)

.comment        0x0000000000000000       0x6b
 .comment       0x0000000000000000       0x31 /home/ttqq/esp8266/getting_started/station/build/bootloader/main/libmain.a(bootloader_start.o)
                                         0x32 (size before relaxing)
 .comment       0x0000000000000031       0x32 /home/ttqq/esp8266/getting_started/station/build/bootloader/bootloader_support/libbootloader_support.a(bootloader_init.o)
 .comment       0x0000000000000031       0x32 /home/ttqq/esp8266/getting_started/station/build/bootloader/bootloader_support/libbootloader_support.a(bootloader_utility.o)
 .comment       0x0000000000000031       0x32 /home/ttqq/esp8266/getting_started/station/build/bootloader/bootloader_support/libbootloader_support.a(bootloader_flash.o)
 .comment       0x0000000000000031       0x32 /home/ttqq/esp8266/getting_started/station/build/bootloader/bootloader_support/libbootloader_support.a(bootloader_common.o)
 .comment       0x0000000000000031       0x32 /home/ttqq/esp8266/getting_started/station/build/bootloader/bootloader_support/libbootloader_support.a(flash_partitions.o)
 .comment       0x0000000000000031       0x32 /home/ttqq/esp8266/getting_started/station/build/bootloader/bootloader_support/libbootloader_support.a(esp_image_format.o)
 .comment       0x0000000000000031       0x32 /home/ttqq/esp8266/getting_started/station/build/bootloader/spi_flash/libspi_flash.a(spi_flash.o)
 .comment       0x0000000000000031       0x32 /home/ttqq/esp8266/getting_started/station/build/bootloader/spi_flash/libspi_flash.a(spi_flash_raw.o)
 .comment       0x0000000000000031       0x32 /home/ttqq/esp8266/getting_started/station/build/bootloader/log/liblog.a(log.o)
 .comment       0x0000000000000031       0x32 /home/ttqq/esp8266/getting_started/station/build/bootloader/esp8266/libesp8266.a(ets_printf.o)
 .comment       0x0000000000000031       0x32 /home/ttqq/esp8266/getting_started/station/build/bootloader/esp8266/libesp8266.a(crc.o)
 .comment       0x0000000000000031       0x3a /home/ttqq/esp8266/ESP8266_RTOS_SDK/components/esp8266/lib/libcore.a(phy.o)
                                         0x3b (size before relaxing)
 .comment       0x000000000000006b       0x3b /home/ttqq/esp8266/ESP8266_RTOS_SDK/components/esp8266/lib/libcore.a(uart.o)

.xtensa.info    0x0000000000000000       0x38
 .xtensa.info   0x0000000000000000       0x38 /home/ttqq/esp8266/getting_started/station/build/bootloader/main/libmain.a(bootloader_start.o)
 .xtensa.info   0x0000000000000038        0x0 /home/ttqq/esp8266/getting_started/station/build/bootloader/bootloader_support/libbootloader_support.a(bootloader_init.o)
 .xtensa.info   0x0000000000000038        0x0 /home/ttqq/esp8266/getting_started/station/build/bootloader/bootloader_support/libbootloader_support.a(bootloader_utility.o)
 .xtensa.info   0x0000000000000038        0x0 /home/ttqq/esp8266/getting_started/station/build/bootloader/bootloader_support/libbootloader_support.a(bootloader_flash.o)
 .xtensa.info   0x0000000000000038        0x0 /home/ttqq/esp8266/getting_started/station/build/bootloader/bootloader_support/libbootloader_support.a(bootloader_common.o)
 .xtensa.info   0x0000000000000038        0x0 /home/ttqq/esp8266/getting_started/station/build/bootloader/bootloader_support/libbootloader_support.a(flash_partitions.o)
 .xtensa.info   0x0000000000000038        0x0 /home/ttqq/esp8266/getting_started/station/build/bootloader/bootloader_support/libbootloader_support.a(esp_image_format.o)
 .xtensa.info   0x0000000000000038        0x0 /home/ttqq/esp8266/getting_started/station/build/bootloader/spi_flash/libspi_flash.a(spi_flash.o)
 .xtensa.info   0x0000000000000038        0x0 /home/ttqq/esp8266/getting_started/station/build/bootloader/spi_flash/libspi_flash.a(spi_flash_raw.o)
 .xtensa.info   0x0000000000000038        0x0 /home/ttqq/esp8266/getting_started/station/build/bootloader/log/liblog.a(log.o)
 .xtensa.info   0x0000000000000038        0x0 /home/ttqq/esp8266/getting_started/station/build/bootloader/esp8266/libesp8266.a(ets_printf.o)
 .xtensa.info   0x0000000000000038        0x0 /home/ttqq/esp8266/getting_started/station/build/bootloader/esp8266/libesp8266.a(crc.o)
 .xtensa.info   0x0000000000000038        0x0 /home/ttqq/esp8266/getting_started/station/build/bootloader/esp8266/libesp8266.a(esp_fast_boot.o)
 .xtensa.info   0x0000000000000038        0x0 /home/ttqq/esp8266/ESP8266_RTOS_SDK/components/esp8266/lib/libcore.a(phy.o)
 .xtensa.info   0x0000000000000038        0x0 /home/ttqq/esp8266/ESP8266_RTOS_SDK/components/esp8266/lib/libcore.a(uart.o)
